Component: ARM Compiler 5.05 update 2 (build 169) Tool: armlink [4d0f33]

==============================================================================

Section Cross References

    main.o(.text) refers to _printf_percent.o(.ARM.Collect$$_printf_percent$$00000000) for _printf_percent
    main.o(.text) refers to _printf_d.o(.ARM.Collect$$_printf_percent$$00000009) for _printf_d
    main.o(.text) refers to _printf_dec.o(.text) for _printf_int_dec
    main.o(.text) refers to lcd.o(.text) for LCD_Fill
    main.o(.text) refers to noretval__2sprintf.o(.text) for __2sprintf
    main.o(.text) refers to lan8720.o(.text) for LAN8720_Get_Speed
    main.o(.text) refers to delay.o(.text) for delay_init
    main.o(.text) refers to misc.o(.text) for NVIC_PriorityGroupConfig
    main.o(.text) refers to usart.o(.text) for uart_init
    main.o(.text) refers to led.o(.text) for LED_Init
    main.o(.text) refers to key.o(.text) for KEY_Init
    main.o(.text) refers to malloc.o(.text) for mymem_init
    main.o(.text) refers to 24cxx.o(.text) for AT24CXX_Init
    main.o(.text) refers to wm8978.o(.text) for WM8978_Init
    main.o(.text) refers to timer.o(.text) for TIM3_Int_Init
    main.o(.text) refers to lwip_comm.o(.text) for lwip_comm_init
    main.o(.text) refers to recorder.o(.text) for wav_recorder
    main.o(.text) refers to udp_demo.o(.text) for udp_demo_test
    main.o(.text) refers to noretval__2printf.o(.text) for __2printf
    main.o(.text) refers to lcd.o(.data) for POINT_COLOR
    main.o(.text) refers to lcd.o(.bss) for lcddev
    main.o(.text) refers to lwip_comm.o(.bss) for lwipdev
    main.o(.text) refers to usmart_config.o(.data) for usmart_dev
    main.o(.text) refers to udp_demo.o(.data) for udp_demo_flag
    system_stm32f4xx.o(.text) refers to system_stm32f4xx.o(.data) for .data
    key.o(.text) refers to stm32f4xx_rcc.o(.text) for RCC_AHB1PeriphClockCmd
    key.o(.text) refers to stm32f4xx_gpio.o(.text) for GPIO_Init
    key.o(.text) refers to delay.o(.text) for delay_ms
    key.o(.text) refers to key.o(.data) for .data
    led.o(.text) refers to stm32f4xx_rcc.o(.text) for RCC_AHB1PeriphClockCmd
    led.o(.text) refers to stm32f4xx_gpio.o(.text) for GPIO_Init
    timer.o(.text) refers to stm32f4xx_rcc.o(.text) for RCC_APB1PeriphClockCmd
    timer.o(.text) refers to stm32f4xx_tim.o(.text) for TIM_TimeBaseInit
    timer.o(.text) refers to misc.o(.text) for NVIC_Init
    timer.o(.text) refers to lwip_comm.o(.data) for lwip_localtime
    lcd.o(.text) refers to _printf_percent.o(.ARM.Collect$$_printf_percent$$00000000) for _printf_percent
    lcd.o(.text) refers to _printf_x.o(.ARM.Collect$$_printf_percent$$0000000C) for _printf_x
    lcd.o(.text) refers to _printf_hex_int.o(.text) for _printf_longlong_hex
    lcd.o(.text) refers to delay.o(.text) for delay_us
    lcd.o(.text) refers to lcd.o(.bss) for .bss
    lcd.o(.text) refers to dflt_clz.o(x$fpl$dfltu) for __aeabi_ui2d
    lcd.o(.text) refers to dmul.o(x$fpl$dmul) for __aeabi_dmul
    lcd.o(.text) refers to dfixu.o(x$fpl$dfixu) for __aeabi_d2uiz
    lcd.o(.text) refers to lcd.o(.data) for .data
    lcd.o(.text) refers to stm32f4xx_rcc.o(.text) for RCC_AHB1PeriphClockCmd
    lcd.o(.text) refers to stm32f4xx_gpio.o(.text) for GPIO_Init
    lcd.o(.text) refers to stm32f4xx_fsmc.o(.text) for FSMC_NORSRAMInit
    lcd.o(.text) refers to noretval__2printf.o(.text) for __2printf
    lcd.o(.text) refers to lcd.o(.constdata) for .constdata
    lan8720.o(.text) refers to stm32f4xx_rcc.o(.text) for RCC_AHB1PeriphClockCmd
    lan8720.o(.text) refers to stm32f4x7_eth.o(.text) for ETH_DeInit
    lan8720.o(.text) refers to stm32f4xx_syscfg.o(.text) for SYSCFG_ETH_MediaInterfaceConfig
    lan8720.o(.text) refers to stm32f4xx_gpio.o(.text) for GPIO_Init
    lan8720.o(.text) refers to delay.o(.text) for delay_ms
    lan8720.o(.text) refers to misc.o(.text) for NVIC_Init
    lan8720.o(.text) refers to lwip_comm.o(.text) for lwip_pkt_handle
    lan8720.o(.text) refers to malloc.o(.text) for myfree
    lan8720.o(.text) refers to stm32f4x7_eth.o(.data) for DMARxDescToGet
    lan8720.o(.text) refers to lan8720.o(.data) for .data
    sram.o(.text) refers to stm32f4xx_rcc.o(.text) for RCC_AHB1PeriphClockCmd
    sram.o(.text) refers to stm32f4xx_gpio.o(.text) for GPIO_Init
    sram.o(.text) refers to stm32f4xx_fsmc.o(.text) for FSMC_NORSRAMInit
    i2s.o(.text) refers to stm32f4xx_rcc.o(.text) for RCC_APB1PeriphClockCmd
    i2s.o(.text) refers to stm32f4xx_spi.o(.text) for I2S_Init
    i2s.o(.text) refers to stm32f4xx_dma.o(.text) for DMA_DeInit
    i2s.o(.text) refers to misc.o(.text) for NVIC_Init
    i2s.o(.text) refers to i2s.o(.constdata) for .constdata
    i2s.o(.text) refers to i2s.o(.data) for .data
    myiic.o(.text) refers to stm32f4xx_rcc.o(.text) for RCC_AHB1PeriphClockCmd
    myiic.o(.text) refers to stm32f4xx_gpio.o(.text) for GPIO_Init
    myiic.o(.text) refers to delay.o(.text) for delay_us
    wm8978.o(.text) refers to myiic.o(.text) for IIC_Start
[...]
    RCC_PLLI2SConfig                         0x08006771   Thumb Code    14  stm32f4xx_rcc.o(.text)
    RCC_PLLI2SCmd                            0x0800677f   Thumb Code     6  stm32f4xx_rcc.o(.text)
    RCC_PLLSAIConfig                         0x08006785   Thumb Code    18  stm32f4xx_rcc.o(.text)
    RCC_PLLSAICmd                            0x08006797   Thumb Code     6  stm32f4xx_rcc.o(.text)
    RCC_ClockSecuritySystemCmd               0x0800679d   Thumb Code     6  stm32f4xx_rcc.o(.text)
    RCC_MCO1Config                           0x080067a3   Thumb Code    18  stm32f4xx_rcc.o(.text)
    RCC_MCO2Config                           0x080067b5   Thumb Code    18  stm32f4xx_rcc.o(.text)
    RCC_SYSCLKConfig                         0x080067c7   Thumb Code    16  stm32f4xx_rcc.o(.text)
    RCC_GetSYSCLKSource                      0x080067d7   Thumb Code    12  stm32f4xx_rcc.o(.text)
    RCC_HCLKConfig                           0x080067e3   Thumb Code    16  stm32f4xx_rcc.o(.text)
    RCC_PCLK1Config                          0x080067f3   Thumb Code    16  stm32f4xx_rcc.o(.text)
    RCC_PCLK2Config                          0x08006803   Thumb Code    18  stm32f4xx_rcc.o(.text)
    RCC_GetClocksFreq                        0x08006815   Thumb Code   134  stm32f4xx_rcc.o(.text)
    RCC_RTCCLKConfig                         0x0800689b   Thumb Code    42  stm32f4xx_rcc.o(.text)
    RCC_RTCCLKCmd                            0x080068c5   Thumb Code     8  stm32f4xx_rcc.o(.text)
    RCC_BackupResetCmd                       0x080068cd   Thumb Code     8  stm32f4xx_rcc.o(.text)
    RCC_I2SCLKConfig                         0x080068d5   Thumb Code     8  stm32f4xx_rcc.o(.text)
    RCC_SAIPLLI2SClkDivConfig                0x080068dd   Thumb Code    18  stm32f4xx_rcc.o(.text)
    RCC_SAIPLLSAIClkDivConfig                0x080068ef   Thumb Code    24  stm32f4xx_rcc.o(.text)
    RCC_SAIBlockACLKConfig                   0x08006907   Thumb Code    16  stm32f4xx_rcc.o(.text)
    RCC_SAIBlockBCLKConfig                   0x08006917   Thumb Code    16  stm32f4xx_rcc.o(.text)
    RCC_LTDCCLKDivConfig                     0x08006927   Thumb Code    16  stm32f4xx_rcc.o(.text)
    RCC_TIMCLKPresConfig                     0x08006937   Thumb Code     8  stm32f4xx_rcc.o(.text)
    RCC_AHB1PeriphClockCmd                   0x0800693f   Thumb Code    20  stm32f4xx_rcc.o(.text)
    RCC_AHB2PeriphClockCmd                   0x08006953   Thumb Code    20  stm32f4xx_rcc.o(.text)
    RCC_AHB3PeriphClockCmd                   0x08006967   Thumb Code    20  stm32f4xx_rcc.o(.text)
    RCC_APB1PeriphClockCmd                   0x0800697b   Thumb Code    20  stm32f4xx_rcc.o(.text)
    RCC_APB2PeriphClockCmd                   0x0800698f   Thumb Code    20  stm32f4xx_rcc.o(.text)
    RCC_AHB1PeriphResetCmd                   0x080069a3   Thumb Code    20  stm32f4xx_rcc.o(.text)
    RCC_AHB2PeriphResetCmd                   0x080069b7   Thumb Code    20  stm32f4xx_rcc.o(.text)
    RCC_AHB3PeriphResetCmd                   0x080069cb   Thumb Code    20  stm32f4xx_rcc.o(.text)
    RCC_APB1PeriphResetCmd                   0x080069df   Thumb Code    20  stm32f4xx_rcc.o(.text)
    RCC_APB2PeriphResetCmd                   0x080069f3   Thumb Code    20  stm32f4xx_rcc.o(.text)
    RCC_AHB1PeriphClockLPModeCmd             0x08006a07   Thumb Code    20  stm32f4xx_rcc.o(.text)
    RCC_AHB2PeriphClockLPModeCmd             0x08006a1b   Thumb Code    20  stm32f4xx_rcc.o(.text)
    RCC_AHB3PeriphClockLPModeCmd             0x08006a2f   Thumb Code    20  stm32f4xx_rcc.o(.text)
    RCC_APB1PeriphClockLPModeCmd             0x08006a43   Thumb Code    64  stm32f4xx_rcc.o(.text)
    RCC_APB2PeriphClockLPModeCmd             0x08006a83   Thumb Code    18  stm32f4xx_rcc.o(.text)
    RCC_LSEModeConfig                        0x08006a95   Thumb Code    24  stm32f4xx_rcc.o(.text)
    RCC_ITConfig                             0x08006aad   Thumb Code    20  stm32f4xx_rcc.o(.text)
    RCC_ClearFlag                            0x08006ac1   Thumb Code    14  stm32f4xx_rcc.o(.text)
    RCC_GetITStatus                          0x08006acf   Thumb Code    18  stm32f4xx_rcc.o(.text)
    RCC_ClearITPendingBit                    0x08006ae1   Thumb Code     8  stm32f4xx_rcc.o(.text)
    SYSCFG_DeInit                            0x08006aed   Thumb Code    24  stm32f4xx_syscfg.o(.text)
    SYSCFG_MemoryRemapConfig                 0x08006b05   Thumb Code     6  stm32f4xx_syscfg.o(.text)
    SYSCFG_MemorySwappingBank                0x08006b0b   Thumb Code     6  stm32f4xx_syscfg.o(.text)
    SYSCFG_EXTILineConfig                    0x08006b11   Thumb Code    42  stm32f4xx_syscfg.o(.text)
    SYSCFG_ETH_MediaInterfaceConfig          0x08006b3b   Thumb Code     8  stm32f4xx_syscfg.o(.text)
    SYSCFG_CompensationCellCmd               0x08006b43   Thumb Code     6  stm32f4xx_syscfg.o(.text)
    SYSCFG_GetCompensationCellStatus         0x08006b49   Thumb Code    16  stm32f4xx_syscfg.o(.text)
    TIM_DeInit                               0x08006b69   Thumb Code   284  stm32f4xx_tim.o(.text)
    TIM_TimeBaseInit                         0x08006c85   Thumb Code    96  stm32f4xx_tim.o(.text)
    TIM_TimeBaseStructInit                   0x08006ce5   Thumb Code    18  stm32f4xx_tim.o(.text)
    TIM_PrescalerConfig                      0x08006cf7   Thumb Code     6  stm32f4xx_tim.o(.text)
    TIM_CounterModeConfig                    0x08006cfd   Thumb Code    12  stm32f4xx_tim.o(.text)
    TIM_SetCounter                           0x08006d09   Thumb Code     4  stm32f4xx_tim.o(.text)
    TIM_SetAutoreload                        0x08006d0d   Thumb Code     4  stm32f4xx_tim.o(.text)
    TIM_GetCounter                           0x08006d11   Thumb Code     4  stm32f4xx_tim.o(.text)
    TIM_GetPrescaler                         0x08006d15   Thumb Code     4  stm32f4xx_tim.o(.text)
    TIM_UpdateDisableConfig                  0x08006d19   Thumb Code    20  stm32f4xx_tim.o(.text)
    TIM_UpdateRequestConfig                  0x08006d2d   Thumb Code    20  stm32f4xx_tim.o(.text)
    TIM_ARRPreloadConfig                     0x08006d41   Thumb Code    20  stm32f4xx_tim.o(.text)
    TIM_SelectOnePulseMode                   0x08006d55   Thumb Code    16  stm32f4xx_tim.o(.text)
    TIM_SetClockDivision                     0x08006d65   Thumb Code    16  stm32f4xx_tim.o(.text)
    TIM_Cmd                                  0x08006d75   Thumb Code    20  stm32f4xx_tim.o(.text)
    TIM_OC1Init                              0x08006d89   Thumb Code    88  stm32f4xx_tim.o(.text)
    TIM_OC2Init                              0x08006de1   Thumb Code   120  stm32f4xx_tim.o(.text)
    TIM_OC3Init                              0x08006e59   Thumb Code   116  stm32f4xx_tim.o(.text)
    TIM_OC4Init                              0x08006ecd   Thumb Code    88  stm32f4xx_tim.o(.text)
    TIM_OCStructInit                         0x08006f25   Thumb Code    20  stm32f4xx_tim.o(.text)
    TIM_SelectOCxM                           0x08006f39   Thumb Code   130  stm32f4xx_tim.o(.text)
    TIM_SetCompare1                          0x08006fbb   Thumb Code     4  stm32f4xx_tim.o(.text)
    TIM_SetCompare2                          0x08006fbf   Thumb Code     4  stm32f4xx_tim.o(.text)
    TIM_SetCompare3                          0x08006fc3   Thumb Code     4  stm32f4xx_tim.o(.text)
    TIM_SetCompare4                          0x08006fc7   Thumb Code     4  stm32f4xx_tim.o(.text)
    TIM_ForcedOC1Config                      0x08006fcb   Thumb Code    12  stm32f4xx_tim.o(.text)
    TIM_ForcedOC2Config                      0x08006fd7   Thumb Code    20  stm32f4xx_tim.o(.text)
    TIM_ForcedOC3Config                      0x08006feb   Thumb Code    12  stm32f4xx_tim.o(.text)
    TIM_ForcedOC4Config                      0x08006ff7   Thumb Code    20  stm32f4xx_tim.o(.text)
    TIM_OC1PreloadConfig                     0x0800700b   Thumb Code    12  stm32f4xx_tim.o(.text)
    TIM_OC2PreloadConfig                     0x08007017   Thumb Code    20  stm32f4xx_tim.o(.text)
    TIM_OC3PreloadConfig                     0x0800702b   Thumb Code    12  stm32f4xx_tim.o(.text)
    TIM_OC4PreloadConfig                     0x08007037   Thumb Code    20  stm32f4xx_tim.o(.text)
    TIM_OC1FastConfig                        0x0800704b   Thumb Code    12  stm32f4xx_tim.o(.text)
    TIM_OC2FastConfig                        0x08007057   Thumb Code    20  stm32f4xx_tim.o(.text)
    TIM_OC3FastConfig                        0x0800706b   Thumb Code    12  stm32f4xx_tim.o(.text)
    TIM_OC4FastConfig                        0x08007077   Thumb Code    20  stm32f4xx_tim.o(.text)
    TIM_ClearOC1Ref                          0x0800708b   Thumb Code    12  stm32f4xx_tim.o(.text)
    TIM_ClearOC2Ref                          0x08007097   Thumb Code    20  stm32f4xx_tim.o(.text)
    TIM_ClearOC3Ref                          0x080070ab   Thumb Code    12  stm32f4xx_tim.o(.text)
    TIM_ClearOC4Ref                          0x080070b7   Thumb Code    20  stm32f4xx_tim.o(.text)
    TIM_OC1PolarityConfig                    0x080070cb   Thumb Code    12  stm32f4xx_tim.o(.text)
    TIM_OC1NPolarityConfig                   0x080070d7   Thumb Code    12  stm32f4xx_tim.o(.text)
    TIM_OC2PolarityConfig                    0x080070e3   Thumb Code    20  stm32f4xx_tim.o(.text)
    TIM_OC2NPolarityConfig                   0x080070f7   Thumb Code    20  stm32f4xx_tim.o(.text)
    TIM_OC3PolarityConfig                    0x0800710b   Thumb Code    20  stm32f4xx_tim.o(.text)
    TIM_OC3NPolarityConfig                   0x0800711f   Thumb Code    20  stm32f4xx_tim.o(.text)
    TIM_OC4PolarityConfig                    0x08007133   Thumb Code    20  stm32f4xx_tim.o(.text)
    TIM_CCxCmd                               0x08007147   Thumb Code    22  stm32f4xx_tim.o(.text)
    TIM_CCxNCmd                              0x0800715d   Thumb Code    22  stm32f4xx_tim.o(.text)
    TIM_SetIC4Prescaler                      0x08007173   Thumb Code    24  stm32f4xx_tim.o(.text)
    TIM_SetIC3Prescaler                      0x0800718b   Thumb Code    16  stm32f4xx_tim.o(.text)
    TIM_SetIC2Prescaler                      0x0800719b   Thumb Code    24  stm32f4xx_tim.o(.text)
    TIM_SetIC1Prescaler                      0x080071e9   Thumb Code    16  stm32f4xx_tim.o(.text)
    TIM_ICInit                               0x080071f9   Thumb Code   164  stm32f4xx_tim.o(.text)
    TIM_ICStructInit                         0x0800729d   Thumb Code    16  stm32f4xx_tim.o(.text)
    TIM_PWMIConfig                           0x080072ad   Thumb Code   104  stm32f4xx_tim.o(.text)
    TIM_GetCapture1                          0x08007315   Thumb Code     4  stm32f4xx_tim.o(.text)
    TIM_GetCapture2                          0x08007319   Thumb Code     4  stm32f4xx_tim.o(.text)
    TIM_GetCapture3                          0x0800731d   Thumb Code     4  stm32f4xx_tim.o(.text)
    TIM_GetCapture4                          0x08007321   Thumb Code     4  stm32f4xx_tim.o(.text)
    TIM_BDTRConfig                           0x08007325   Thumb Code    34  stm32f4xx_tim.o(.text)
    TIM_BDTRStructInit                       0x08007347   Thumb Code    18  stm32f4xx_tim.o(.text)
    TIM_CtrlPWMOutputs                       0x08007359   Thumb Code    22  stm32f4xx_tim.o(.text)
    TIM_SelectCOM                            0x0800736f   Thumb Code    20  stm32f4xx_tim.o(.text)
    TIM_CCPreloadControl                     0x08007383   Thumb Code    20  stm32f4xx_tim.o(.text)
    TIM_ITConfig                             0x08007397   Thumb Code    16  stm32f4xx_tim.o(.text)
    TIM_GenerateEvent                        0x080073a7   Thumb Code     4  stm32f4xx_tim.o(.text)
    TIM_GetFlagStatus                        0x080073ab   Thumb Code    14  stm32f4xx_tim.o(.text)
    TIM_ClearFlag                            0x080073b9   Thumb Code     6  stm32f4xx_tim.o(.text)
    TIM_GetITStatus                          0x080073bf   Thumb Code    24  stm32f4xx_tim.o(.text)
    TIM_ClearITPendingBit                    0x080073d7   Thumb Code     6  stm32f4xx_tim.o(.text)
    TIM_DMAConfig                            0x080073dd   Thumb Code     8  stm32f4xx_tim.o(.text)
    TIM_DMACmd                               0x080073e5   Thumb Code    16  stm32f4xx_tim.o(.text)
    TIM_SelectCCDMA                          0x080073f5   Thumb Code    20  stm32f4xx_tim.o(.text)
    TIM_InternalClockConfig                  0x08007409   Thumb Code    10  stm32f4xx_tim.o(.text)
    TIM_SelectInputTrigger                   0x08007413   Thumb Code    12  stm32f4xx_tim.o(.text)
    TIM_ITRxExternalClockConfig              0x0800741f   Thumb Code    18  stm32f4xx_tim.o(.text)
    TIM_TIxExternalClockConfig               0x08007431   Thumb Code    46  stm32f4xx_tim.o(.text)
    TIM_ETRConfig                            0x0800745f   Thumb Code    24  stm32f4xx_tim.o(.text)
    TIM_ETRClockMode1Config                  0x08007477   Thumb Code    18  stm32f4xx_tim.o(.text)
    TIM_ETRClockMode2Config                  0x08007489   Thumb Code    18  stm32f4xx_tim.o(.text)
    TIM_SelectOutputTrigger                  0x0800749b   Thumb Code    16  stm32f4xx_tim.o(.text)
    TIM_SelectSlaveMode                      0x080074ab   Thumb Code    16  stm32f4xx_tim.o(.text)
    TIM_SelectMasterSlaveMode                0x080074bb   Thumb Code    16  stm32f4xx_tim.o(.text)
    TIM_EncoderInterfaceConfig               0x080074cb   Thumb Code    50  stm32f4xx_tim.o(.text)
    TIM_SelectHallSensor                     0x080074fd   Thumb Code    20  stm32f4xx_tim.o(.text)
    TIM_RemapConfig                          0x08007511   Thumb Code     6  stm32f4xx_tim.o(.text)
    USART_DeInit                             0x08007545   Thumb Code   138  stm32f4xx_usart.o(.text)
    USART_Init                               0x080075cf   Thumb Code   164  stm32f4xx_usart.o(.text)
    USART_StructInit                         0x08007673   Thumb Code    22  stm32f4xx_usart.o(.text)
    USART_ClockInit                          0x08007689   Thumb Code    28  stm32f4xx_usart.o(.text)
    USART_ClockStructInit                    0x080076a5   Thumb Code    12  stm32f4xx_usart.o(.text)
    USART_Cmd                                0x080076b1   Thumb Code    20  stm32f4xx_usart.o(.text)
    USART_SetPrescaler                       0x080076c5   Thumb Code    16  stm32f4xx_usart.o(.text)
    USART_OverSampling8Cmd                   0x080076d5   Thumb Code    20  stm32f4xx_usart.o(.text)
    USART_OneBitMethodCmd                    0x080076e9   Thumb Code    20  stm32f4xx_usart.o(.text)
    USART_SendData                           0x080076fd   Thumb Code     8  stm32f4xx_usart.o(.text)
    USART_ReceiveData                        0x08007705   Thumb Code     8  stm32f4xx_usart.o(.text)
    USART_SetAddress                         0x0800770d   Thumb Code    16  stm32f4xx_usart.o(.text)
    USART_ReceiverWakeUpCmd                  0x0800771d   Thumb Code    20  stm32f4xx_usart.o(.text)
    USART_WakeUpConfig                       0x08007731   Thumb Code    16  stm32f4xx_usart.o(.text)
    USART_LINBreakDetectLengthConfig         0x08007741   Thumb Code    16  stm32f4xx_usart.o(.text)
    USART_LINCmd                             0x08007751   Thumb Code    20  stm32f4xx_usart.o(.text)
    USART_SendBreak                          0x08007765   Thumb Code    10  stm32f4xx_usart.o(.text)
    USART_HalfDuplexCmd                      0x0800776f   Thumb Code    20  stm32f4xx_usart.o(.text)
    USART_SetGuardTime                       0x08007783   Thumb Code    16  stm32f4xx_usart.o(.text)
    USART_SmartCardCmd                       0x08007793   Thumb Code    20  stm32f4xx_usart.o(.text)
    USART_SmartCardNACKCmd                   0x080077a7   Thumb Code    20  stm32f4xx_usart.o(.text)
    USART_IrDAConfig                         0x080077bb   Thumb Code    16  stm32f4xx_usart.o(.text)
    USART_IrDACmd                            0x080077cb   Thumb Code    20  stm32f4xx_usart.o(.text)
    USART_DMACmd                             0x080077df   Thumb Code    16  stm32f4xx_usart.o(.text)
    USART_ITConfig                           0x080077ef   Thumb Code    48  stm32f4xx_usart.o(.text)
    USART_GetFlagStatus                      0x0800781f   Thumb Code    14  stm32f4xx_usart.o(.text)
    USART_ClearFlag                          0x0800782d   Thumb Code     6  stm32f4xx_usart.o(.text)
    USART_GetITStatus                        0x08007833   Thumb Code    62  stm32f4xx_usart.o(.text)
    USART_ClearITPendingBit                  0x08007871   Thumb Code    12  stm32f4xx_usart.o(.text)
    ETH_DeInit                               0x0800789d   Thumb Code    24  stm32f4x7_eth.o(.text)
    ETH_StructInit                           0x080078b5   Thumb Code   136  stm32f4x7_eth.o(.text)
    ETH_WritePHYRegister                     0x0800793d   Thumb Code    76  stm32f4x7_eth.o(.text)
    ETH_ReadPHYRegister                      0x08007989   Thumb Code    80  stm32f4x7_eth.o(.text)
    ETH_Init                                 0x080079d9   Thumb Code   520  stm32f4x7_eth.o(.text)
    ETH_DMAReceptionCmd                      0x08007be1   Thumb Code    22  stm32f4x7_eth.o(.text)
    ETH_DMATransmissionCmd                   0x08007bf7   Thumb Code    22  stm32f4x7_eth.o(.text)
    ETH_MACReceptionCmd                      0x08007c0d   Thumb Code    22  stm32f4x7_eth.o(.text)
    ETH_FlushTransmitFIFO                    0x08007c23   Thumb Code    12  stm32f4x7_eth.o(.text)
    ETH_MACTransmissionCmd                   0x08007c2f   Thumb Code    22  stm32f4x7_eth.o(.text)
    ETH_Start                                0x08007c45   Thumb Code    32  stm32f4x7_eth.o(.text)
    ETH_GetFlowControlBusyStatus             0x08007c65   Thumb Code    14  stm32f4x7_eth.o(.text)
    ETH_InitiatePauseControlFrame            0x08007c73   Thumb Code    12  stm32f4x7_eth.o(.text)
    ETH_BackPressureActivationCmd            0x08007c7f   Thumb Code    22  stm32f4x7_eth.o(.text)
    ETH_GetMACFlagStatus                     0x08007c95   Thumb Code    16  stm32f4x7_eth.o(.text)
    ETH_GetMACITStatus                       0x08007ca5   Thumb Code    16  stm32f4x7_eth.o(.text)
    ETH_MACITConfig                          0x08007cb5   Thumb Code    18  stm32f4x7_eth.o(.text)
    ETH_MACAddressConfig                     0x08007cc7   Thumb Code    22  stm32f4x7_eth.o(.text)
    ETH_GetMACAddress                        0x08007cdd   Thumb Code    30  stm32f4x7_eth.o(.text)
    ETH_MACAddressPerfectFilterCmd           0x08007cfb   Thumb Code    24  stm32f4x7_eth.o(.text)
    ETH_MACAddressFilterConfig               0x08007d13   Thumb Code    82  stm32f4x7_eth.o(.text)
    ETH_MACAddressMaskBytesFilterConfig      0x08007d65   Thumb Code    20  stm32f4x7_eth.o(.text)
    ETH_Get_Received_Frame                   0x08007d79   Thumb Code    42  stm32f4x7_eth.o(.text)
    ETH_Get_Received_Frame_interrupt         0x08007da3   Thumb Code   134  stm32f4x7_eth.o(.text)
    ETH_Prepare_Transmit_Descriptors         0x08007e29   Thumb Code   168  stm32f4x7_eth.o(.text)
    ETH_DMARxDescChainInit                   0x08007ed1   Thumb Code    74  stm32f4x7_eth.o(.text)
    ETH_CheckFrameReceived                   0x08007f1b   Thumb Code    96  stm32f4x7_eth.o(.text)
    ETH_DMATxDescChainInit                   0x08007f7b   Thumb Code    62  stm32f4x7_eth.o(.text)
    ETH_GetDMATxDescFlagStatus               0x08007fb9   Thumb Code    14  stm32f4x7_eth.o(.text)
    ETH_GetDMATxDescCollisionCount           0x08007fc7   Thumb Code     8  stm32f4x7_eth.o(.text)
    ETH_SetDMATxDescOwnBit                   0x08007fcf   Thumb Code    10  stm32f4x7_eth.o(.text)
    ETH_DMATxDescTransmitITConfig            0x08007fd9   Thumb Code    20  stm32f4x7_eth.o(.text)
    ETH_DMATxDescFrameSegmentConfig          0x08007fed   Thumb Code     8  stm32f4x7_eth.o(.text)
    ETH_DMATxDescChecksumInsertionConfig     0x08007ff5   Thumb Code     8  stm32f4x7_eth.o(.text)
    ETH_DMATxDescCRCCmd                      0x08007ffd   Thumb Code    20  stm32f4x7_eth.o(.text)
    ETH_DMATxDescSecondAddressChainedCmd     0x08008011   Thumb Code    20  stm32f4x7_eth.o(.text)
    ETH_DMATxDescShortFramePaddingCmd        0x08008025   Thumb Code    20  stm32f4x7_eth.o(.text)
    ETH_DMATxDescBufferSizeConfig            0x08008039   Thumb Code    12  stm32f4x7_eth.o(.text)
    ETH_GetDMARxDescFlagStatus               0x08008045   Thumb Code    14  stm32f4x7_eth.o(.text)
    ETH_GetDMAPTPRxDescExtendedFlagStatus    0x08008053   Thumb Code    14  stm32f4x7_eth.o(.text)
    ETH_SetDMARxDescOwnBit                   0x08008061   Thumb Code    10  stm32f4x7_eth.o(.text)
    ETH_GetDMARxDescFrameLength              0x0800806b   Thumb Code     8  stm32f4x7_eth.o(.text)
    ETH_DMARxDescReceiveITConfig             0x08008073   Thumb Code    18  stm32f4x7_eth.o(.text)
    ETH_GetDMARxDescBufferSize               0x08008085   Thumb Code    16  stm32f4x7_eth.o(.text)
    ETH_GetRxPktSize                         0x08008095   Thumb Code    30  stm32f4x7_eth.o(.text)
    ETH_EnhancedDescriptorCmd                0x080080b3   Thumb Code    22  stm32f4x7_eth.o(.text)
    ETH_SoftwareReset                        0x080080c9   Thumb Code    12  stm32f4x7_eth.o(.text)
    ETH_GetSoftwareResetStatus               0x080080d5   Thumb Code    14  stm32f4x7_eth.o(.text)
    ETH_GetDMAFlagStatus                     0x080080e3   Thumb Code    16  stm32f4x7_eth.o(.text)
    ETH_DMAClearFlag                         0x080080f3   Thumb Code     6  stm32f4x7_eth.o(.text)
    ETH_DMAITConfig                          0x080080f9   Thumb Code    18  stm32f4x7_eth.o(.text)
    ETH_GetDMAITStatus                       0x0800810b   Thumb Code    16  stm32f4x7_eth.o(.text)
    ETH_DMAClearITPendingBit                 0x0800811b   Thumb Code     6  stm32f4x7_eth.o(.text)
    ETH_GetTransmitProcessState              0x08008121   Thumb Code    10  stm32f4x7_eth.o(.text)
    ETH_GetReceiveProcessState               0x0800812b   Thumb Code    10  stm32f4x7_eth.o(.text)
    ETH_GetFlushTransmitFIFOStatus           0x08008135   Thumb Code    32  stm32f4x7_eth.o(.text)
    ETH_GetDMAOverflowStatus                 0x08008155   Thumb Code    16  stm32f4x7_eth.o(.text)
    ETH_GetRxOverflowMissedFrameCounter      0x08008165   Thumb Code    10  stm32f4x7_eth.o(.text)
    ETH_GetBufferUnavailableMissedFrameCounter 0x0800816f   Thumb Code     8  stm32f4x7_eth.o(.text)
    ETH_GetCurrentTxDescStartAddress         0x08008177   Thumb Code     6  stm32f4x7_eth.o(.text)
    ETH_GetCurrentRxDescStartAddress         0x0800817d   Thumb Code     6  stm32f4x7_eth.o(.text)
    ETH_GetCurrentTxBufferAddress            0x08008183   Thumb Code     6  stm32f4x7_eth.o(.text)
    ETH_GetCurrentRxBufferAddress            0x08008189   Thumb Code     6  stm32f4x7_eth.o(.text)
    ETH_ResumeDMATransmission                0x0800818f   Thumb Code     8  stm32f4x7_eth.o(.text)
    ETH_ResumeDMAReception                   0x08008197   Thumb Code     8  stm32f4x7_eth.o(.text)
    ETH_SetReceiveWatchdogTimer              0x0800819f   Thumb Code     6  stm32f4x7_eth.o(.text)
    ETH_PHYLoopBackCmd                       0x080081a5   Thumb Code    40  stm32f4x7_eth.o(.text)
    ETH_ResetWakeUpFrameFilterRegisterPointer 0x080081cd   Thumb Code    12  stm32f4x7_eth.o(.text)
    ETH_SetWakeUpFrameFilterRegister         0x080081d9   Thumb Code    18  stm32f4x7_eth.o(.text)
    ETH_GlobalUnicastWakeUpCmd               0x080081eb   Thumb Code    22  stm32f4x7_eth.o(.text)
    ETH_GetPMTFlagStatus                     0x08008201   Thumb Code    16  stm32f4x7_eth.o(.text)
    ETH_WakeUpFrameDetectionCmd              0x08008211   Thumb Code    22  stm32f4x7_eth.o(.text)
    ETH_MagicPacketDetectionCmd              0x08008227   Thumb Code    22  stm32f4x7_eth.o(.text)
    ETH_PowerDownCmd                         0x0800823d   Thumb Code    22  stm32f4x7_eth.o(.text)
    ETH_MMCCounterFullPreset                 0x08008253   Thumb Code    16  stm32f4x7_eth.o(.text)
    ETH_MMCCounterHalfPreset                 0x08008263   Thumb Code    28  stm32f4x7_eth.o(.text)
    ETH_MMCCounterFreezeCmd                  0x0800827f   Thumb Code    26  stm32f4x7_eth.o(.text)
    ETH_MMCResetOnReadCmd                    0x08008299   Thumb Code    26  stm32f4x7_eth.o(.text)
    ETH_MMCCounterRolloverCmd                0x080082b3   Thumb Code    26  stm32f4x7_eth.o(.text)
    ETH_MMCCountersReset                     0x080082cd   Thumb Code    16  stm32f4x7_eth.o(.text)
    ETH_MMCITConfig                          0x080082dd   Thumb Code    50  stm32f4x7_eth.o(.text)
    ETH_GetMMCITStatus                       0x0800830f   Thumb Code    36  stm32f4x7_eth.o(.text)
    ETH_GetMMCRegister                       0x08008333   Thumb Code     6  stm32f4x7_eth.o(.text)
    FSMC_NORSRAMDeInit                       0x08008355   Thumb Code    38  stm32f4xx_fsmc.o(.text)
    FSMC_NORSRAMInit                         0x0800837b   Thumb Code   200  stm32f4xx_fsmc.o(.text)
    FSMC_NORSRAMStructInit                   0x08008443   Thumb Code    42  stm32f4xx_fsmc.o(.text)
    FSMC_NORSRAMCmd                          0x0800846d   Thumb Code    26  stm32f4xx_fsmc.o(.text)
    FSMC_NANDDeInit                          0x08008487   Thumb Code    40  stm32f4xx_fsmc.o(.text)
    FSMC_NANDInit                            0x080084af   Thumb Code   104  stm32f4xx_fsmc.o(.text)
    FSMC_NANDStructInit                      0x08008517   Thumb Code    54  stm32f4xx_fsmc.o(.text)
    FSMC_NANDCmd                             0x0800854d   Thumb Code    54  stm32f4xx_fsmc.o(.text)
    FSMC_NANDECCCmd                          0x08008583   Thumb Code    54  stm32f4xx_fsmc.o(.text)
    FSMC_GetECC                              0x080085b9   Thumb Code    18  stm32f4xx_fsmc.o(.text)
    FSMC_PCCARDDeInit                        0x080085cb   Thumb Code    26  stm32f4xx_fsmc.o(.text)
    FSMC_PCCARDInit                          0x080085e5   Thumb Code   102  stm32f4xx_fsmc.o(.text)
    FSMC_PCCARDStructInit                    0x0800864b   Thumb Code    60  stm32f4xx_fsmc.o(.text)
    FSMC_PCCARDCmd                           0x08008687   Thumb Code    28  stm32f4xx_fsmc.o(.text)
    FSMC_ITConfig                            0x080086a3   Thumb Code    72  stm32f4xx_fsmc.o(.text)
    FSMC_GetFlagStatus                       0x080086eb   Thumb Code    40  stm32f4xx_fsmc.o(.text)
    FSMC_ClearFlag                           0x08008713   Thumb Code    38  stm32f4xx_fsmc.o(.text)
    FSMC_GetITStatus                         0x08008739   Thumb Code    48  stm32f4xx_fsmc.o(.text)
    FSMC_ClearITPendingBit                   0x08008769   Thumb Code    42  stm32f4xx_fsmc.o(.text)
    DMA_DeInit                               0x0800879d   Thumb Code   272  stm32f4xx_dma.o(.text)
    DMA_Init                                 0x080088ad   Thumb Code    80  stm32f4xx_dma.o(.text)
    DMA_StructInit                           0x080088fd   Thumb Code    34  stm32f4xx_dma.o(.text)
    DMA_Cmd                                  0x0800891f   Thumb Code    20  stm32f4xx_dma.o(.text)
    DMA_PeriphIncOffsetSizeConfig            0x08008933   Thumb Code    20  stm32f4xx_dma.o(.text)
    DMA_FlowControllerConfig                 0x08008947   Thumb Code    20  stm32f4xx_dma.o(.text)
    DMA_SetCurrDataCounter                   0x0800895b   Thumb Code     4  stm32f4xx_dma.o(.text)
    DMA_GetCurrDataCounter                   0x0800895f   Thumb Code     6  stm32f4xx_dma.o(.text)
    DMA_DoubleBufferModeConfig               0x08008965   Thumb Code    22  stm32f4xx_dma.o(.text)
    DMA_DoubleBufferModeCmd                  0x0800897b   Thumb Code    20  stm32f4xx_dma.o(.text)
    DMA_MemoryTargetConfig                   0x0800898f   Thumb Code    10  stm32f4xx_dma.o(.text)
    DMA_GetCurrentMemoryTarget               0x08008999   Thumb Code    14  stm32f4xx_dma.o(.text)
    DMA_GetCmdStatus                         0x080089a7   Thumb Code    14  stm32f4xx_dma.o(.text)
    DMA_GetFIFOStatus                        0x080089b5   Thumb Code     8  stm32f4xx_dma.o(.text)
    DMA_GetFlagStatus                        0x080089bd   Thumb Code    42  stm32f4xx_dma.o(.text)
    DMA_ClearFlag                            0x080089e7   Thumb Code    34  stm32f4xx_dma.o(.text)
    DMA_ITConfig                             0x08008a09   Thumb Code    44  stm32f4xx_dma.o(.text)
    DMA_GetITStatus                          0x08008a35   Thumb Code    70  stm32f4xx_dma.o(.text)
    DMA_ClearITPendingBit                    0x08008a7b   Thumb Code    34  stm32f4xx_dma.o(.text)
    SPI_I2S_DeInit                           0x08008abd   Thumb Code   108  stm32f4xx_spi.o(.text)
    SPI_Init                                 0x08008b29   Thumb Code    56  stm32f4xx_spi.o(.text)
    I2S_Init                                 0x08008b61   Thumb Code   198  stm32f4xx_spi.o(.text)
    SPI_StructInit                           0x08008c27   Thumb Code    24  stm32f4xx_spi.o(.text)
    I2S_StructInit                           0x08008c3f   Thumb Code    18  stm32f4xx_spi.o(.text)
    SPI_Cmd                                  0x08008c51   Thumb Code    20  stm32f4xx_spi.o(.text)
    I2S_Cmd                                  0x08008c65   Thumb Code    20  stm32f4xx_spi.o(.text)
    SPI_DataSizeConfig                       0x08008c79   Thumb Code    16  stm32f4xx_spi.o(.text)
    SPI_BiDirectionalLineConfig              0x08008c89   Thumb Code    22  stm32f4xx_spi.o(.text)
    SPI_NSSInternalSoftwareConfig            0x08008c9f   Thumb Code    24  stm32f4xx_spi.o(.text)
    SPI_SSOutputCmd                          0x08008cb7   Thumb Code    20  stm32f4xx_spi.o(.text)
    SPI_TIModeCmd                            0x08008ccb   Thumb Code    20  stm32f4xx_spi.o(.text)
    I2S_FullDuplexConfig                     0x08008cdf   Thumb Code    58  stm32f4xx_spi.o(.text)
    SPI_I2S_ReceiveData                      0x08008d19   Thumb Code     4  stm32f4xx_spi.o(.text)
    SPI_I2S_SendData                         0x08008d1d   Thumb Code     4  stm32f4xx_spi.o(.text)
    SPI_CalculateCRC                         0x08008d21   Thumb Code    20  stm32f4xx_spi.o(.text)
    SPI_TransmitCRC                          0x08008d35   Thumb Code    10  stm32f4xx_spi.o(.text)
    SPI_GetCRC                               0x08008d3f   Thumb Code    12  stm32f4xx_spi.o(.text)
    SPI_GetCRCPolynomial                     0x08008d4b   Thumb Code     4  stm32f4xx_spi.o(.text)
    SPI_I2S_DMACmd                           0x08008d4f   Thumb Code    16  stm32f4xx_spi.o(.text)
    SPI_I2S_ITConfig                         0x08008d5f   Thumb Code    24  stm32f4xx_spi.o(.text)
    SPI_I2S_GetFlagStatus                    0x08008d77   Thumb Code    14  stm32f4xx_spi.o(.text)
    SPI_I2S_ClearFlag                        0x08008d85   Thumb Code     6  stm32f4xx_spi.o(.text)
    SPI_I2S_GetITStatus                      0x08008d8b   Thumb Code    44  stm32f4xx_spi.o(.text)
    SPI_I2S_ClearITPendingBit                0x08008db7   Thumb Code    14  stm32f4xx_spi.o(.text)
    delay_init                               0x08008de9   Thumb Code    38  delay.o(.text)
    delay_us                                 0x08008e0f   Thumb Code    46  delay.o(.text)
    delay_xms                                0x08008e3d   Thumb Code    46  delay.o(.text)
    delay_ms                                 0x08008e6b   Thumb Code    46  delay.o(.text)
    _sys_exit                                0x08008e9d   Thumb Code     2  usart.o(.text)
    fputc                                    0x08008e9f   Thumb Code    14  usart.o(.text)
    uart_init                                0x08008ead   Thumb Code   172  usart.o(.text)
    USART1_IRQHandler                        0x08008f59   Thumb Code    88  usart.o(.text)
    usmart_sys_cmd_exe                       0x08008fc1   Thumb Code  1442  usmart.o(.text)
    usmart_reset_runtime                     0x08009563   Thumb Code    36  usmart.o(.text)
    usmart_get_runtime                       0x08009587   Thumb Code    38  usmart.o(.text)
    TIM4_IRQHandler                          0x080095ad   Thumb Code    44  usmart.o(.text)
    Timer4_Init                              0x080095d9   Thumb Code    76  usmart.o(.text)
    usmart_init                              0x08009625   Thumb Code    36  usmart.o(.text)
    usmart_cmd_rec                           0x08009649   Thumb Code   144  usmart.o(.text)
    usmart_exe                               0x080096d9   Thumb Code   806  usmart.o(.text)
    usmart_scan                              0x080099ff   Thumb Code    92  usmart.o(.text)
    read_addr                                0x08009a5b   Thumb Code     4  usmart.o(.text)
    write_addr                               0x08009a5f   Thumb Code     4  usmart.o(.text)
    usmart_strcmp                            0x08009abd   Thumb Code    24  usmart_str.o(.text)
    usmart_strcopy                           0x08009ad5   Thumb Code    18  usmart_str.o(.text)
    usmart_strlen                            0x08009ae7   Thumb Code    18  usmart_str.o(.text)
    usmart_pow                               0x08009af9   Thumb Code    16  usmart_str.o(.text)
    usmart_str2num                           0x08009b09   Thumb Code   158  usmart_str.o(.text)
    usmart_get_cmdname                       0x08009ba7   Thumb Code    46  usmart_str.o(.text)
    usmart_search_nextc                      0x08009bd5   Thumb Code    16  usmart_str.o(.text)
    usmart_get_fname                         0x08009be5   Thumb Code   356  usmart_str.o(.text)
    usmart_get_aparm                         0x08009d49   Thumb Code   156  usmart_str.o(.text)
    usmart_get_parmpos                       0x08009de5   Thumb Code    30  usmart_str.o(.text)
    usmart_get_fparam                        0x08009e03   Thumb Code   206  usmart_str.o(.text)
    lwip_comm_mem_free                       0x08009edd   Thumb Code    26  lwip_comm.o(.text)
    lwip_comm_mem_malloc                     0x08009ef7   Thumb Code    50  lwip_comm.o(.text)
    lwip_comm_default_ip_set                 0x08009f29   Thumb Code   162  lwip_comm.o(.text)
    lwip_comm_init                           0x08009fcb   Thumb Code   200  lwip_comm.o(.text)
    lwip_pkt_handle                          0x0800a093   Thumb Code     8  lwip_comm.o(.text)
    lwip_periodic_handle                     0x0800a09b   Thumb Code    48  lwip_comm.o(.text)
    udp_demo_set_remoteip                    0x0800a1b1   Thumb Code   274  udp_demo.o(.text)
    udp_demo_connection_close                0x0800a2c3   Thumb Code   138  udp_demo.o(.text)
    udp_demo_recv2                           0x0800a34d   Thumb Code   254  udp_demo.o(.text)
    udp_demo_recv                            0x0800a44b   Thumb Code   252  udp_demo.o(.text)
    udp_demo_test                            0x0800a547   Thumb Code   754  udp_demo.o(.text)
    udp_demo_senddata                        0x0800a839   Thumb Code    56  udp_demo.o(.text)
    udp_demo_senddata2                       0x0800a871   Thumb Code    54  udp_demo.o(.text)
    etharp_tmr                               0x0800a935   Thumb Code    66  etharp.o(.text)
    etharp_cleanup_netif                     0x0800ab97   Thumb Code    42  etharp.o(.text)
    etharp_find_addr                         0x0800abc1   Thumb Code    74  etharp.o(.text)
    etharp_request                           0x0800af2f   Thumb Code    32  etharp.o(.text)
    etharp_query                             0x0800afa3   Thumb Code   298  etharp.o(.text)
    etharp_output                            0x0800b0cd   Thumb Code   306  etharp.o(.text)
    ethernet_input                           0x0800b1ff   Thumb Code   414  etharp.o(.text)
    ethernetif_input                         0x0800b3d1   Thumb Code   116  ethernetif.o(.text)
    ethernetif_init                          0x0800b445   Thumb Code    48  ethernetif.o(.text)
    icmp_input                               0x0800b579   Thumb Code   310  icmp.o(.text)
    icmp_dest_unreach                        0x0800b727   Thumb Code     6  icmp.o(.text)
    icmp_time_exceeded                       0x0800b72d   Thumb Code     6  icmp.o(.text)
    inet_chksum_pseudo                       0x0800b8ff   Thumb Code   136  inet_chksum.o(.text)
    inet_chksum_pseudo_partial               0x0800b987   Thumb Code   178  inet_chksum.o(.text)
    inet_chksum                              0x0800ba39   Thumb Code    12  inet_chksum.o(.text)
    inet_chksum_pbuf                         0x0800ba45   Thumb Code    72  inet_chksum.o(.text)
    ip_route                                 0x0800baf5   Thumb Code    54  ip.o(.text)
    ip_input                                 0x0800bb2b   Thumb Code   326  ip.o(.text)
    ip_output_if                             0x0800bc71   Thumb Code   212  ip.o(.text)
    ip_output                                0x0800bd45   Thumb Code    72  ip.o(.text)
    ip4_addr_isbroadcast                     0x0800be29   Thumb Code    46  ip_addr.o(.text)
    ip4_addr_netmask_valid                   0x0800be57   Thumb Code    38  ip_addr.o(.text)
    ipaddr_aton                              0x0800be7d   Thumb Code   262  ip_addr.o(.text)
    ipaddr_addr                              0x0800bf83   Thumb Code    20  ip_addr.o(.text)
    ipaddr_ntoa_r                            0x0800bf97   Thumb Code   118  ip_addr.o(.text)
    ipaddr_ntoa                              0x0800c00d   Thumb Code     6  ip_addr.o(.text)
    ip_reass_tmr                             0x0800c17b   Thumb Code    40  ip_frag.o(.text)
    ip_reass                                 0x0800c369   Thumb Code   824  ip_frag.o(.text)
    ip_frag                                  0x0800c6ed   Thumb Code   382  ip_frag.o(.text)
    lwip_htons                               0x0800c8a9   Thumb Code     4  def.o(.text)
    lwip_ntohs                               0x0800c8ad   Thumb Code     4  def.o(.text)
    lwip_htonl                               0x0800c8b1   Thumb Code     4  def.o(.text)
    lwip_ntohl                               0x0800c8b5   Thumb Code     4  def.o(.text)
    lwip_init                                0x0800c8b9   Thumb Code    30  init.o(.text)
    memp_get_memorysize                      0x0800c8d9   Thumb Code     6  memp.o(.text)
    memp_init                                0x0800c8df   Thumb Code    80  memp.o(.text)
    memp_malloc                              0x0800c92f   Thumb Code    62  memp.o(.text)
    memp_free                                0x0800c96d   Thumb Code    40  memp.o(.text)
    netif_init                               0x0800ca55   Thumb Code     2  netif.o(.text)
    netif_set_gw                             0x0800ca57   Thumb Code     8  netif.o(.text)
    netif_set_netmask                        0x0800ca5f   Thumb Code     8  netif.o(.text)
    netif_set_ipaddr                         0x0800ca67   Thumb Code    96  netif.o(.text)
    netif_set_addr                           0x0800cac7   Thumb Code    30  netif.o(.text)
    netif_add                                0x0800cae5   Thumb Code    94  netif.o(.text)
    netif_set_default                        0x0800cb43   Thumb Code     6  netif.o(.text)
    netif_set_down                           0x0800cb49   Thumb Code    26  netif.o(.text)
    netif_remove                             0x0800cb63   Thumb Code    68  netif.o(.text)
    netif_find                               0x0800cba7   Thumb Code    58  netif.o(.text)
    netif_set_up                             0x0800cbe1   Thumb Code    32  netif.o(.text)
    netif_set_link_up                        0x0800cc01   Thumb Code    32  netif.o(.text)
    netif_set_link_down                      0x0800cc21   Thumb Code    18  netif.o(.text)
    pbuf_free                                0x0800cca9   Thumb Code   170  pbuf.o(.text)
    pbuf_alloc                               0x0800cd53   Thumb Code   460  pbuf.o(.text)
    pbuf_alloced_custom                      0x0800cf1f   Thumb Code   100  pbuf.o(.text)
    pbuf_realloc                             0x0800cf83   Thumb Code   186  pbuf.o(.text)
    pbuf_header                              0x0800d03d   Thumb Code   806  pbuf.o(.text)
    pbuf_clen                                0x0800d363   Thumb Code    18  pbuf.o(.text)
    pbuf_ref                                 0x0800d375   Thumb Code    12  pbuf.o(.text)
    pbuf_cat                                 0x0800d381   Thumb Code   108  pbuf.o(.text)
    pbuf_chain                               0x0800d3ed   Thumb Code    16  pbuf.o(.text)
    pbuf_dechain                             0x0800d3fd   Thumb Code   102  pbuf.o(.text)
    pbuf_copy                                0x0800d463   Thumb Code   258  pbuf.o(.text)
    pbuf_copy_partial                        0x0800d565   Thumb Code   130  pbuf.o(.text)
    pbuf_take                                0x0800d5e7   Thumb Code   146  pbuf.o(.text)
    pbuf_coalesce                            0x0800d679   Thumb Code    66  pbuf.o(.text)
    pbuf_get_at                              0x0800d6bb   Thumb Code    24  pbuf.o(.text)
    pbuf_memcmp                              0x0800d6d3   Thumb Code   646  pbuf.o(.text)
    pbuf_memfind                             0x0800d959   Thumb Code    56  pbuf.o(.text)
    pbuf_strstr                              0x0800d991   Thumb Code    50  pbuf.o(.text)
    raw_input                                0x0800d9c5   Thumb Code   104  raw.o(.text)
    raw_bind                                 0x0800da2d   Thumb Code    10  raw.o(.text)
    raw_connect                              0x0800da37   Thumb Code    10  raw.o(.text)
    raw_recv                                 0x0800da41   Thumb Code     6  raw.o(.text)
    raw_sendto                               0x0800da47   Thumb Code   160  raw.o(.text)
    raw_send                                 0x0800dae7   Thumb Code     4  raw.o(.text)
    raw_remove                               0x0800daeb   Thumb Code    40  raw.o(.text)
    raw_new                                  0x0800db13   Thumb Code    38  raw.o(.text)
    tcp_init                                 0x0800dbbd   Thumb Code     2  tcp.o(.text)
    tcp_seg_free                             0x0800dbbf   Thumb Code    28  tcp.o(.text)
    tcp_segs_free                            0x0800dbdb   Thumb Code    18  tcp.o(.text)
    tcp_pcb_purge                            0x0800dbed   Thumb Code    58  tcp.o(.text)
    tcp_slowtmr                              0x0800dc27   Thumb Code   754  tcp.o(.text)
    tcp_pcb_remove                           0x0800df19   Thumb Code   126  tcp.o(.text)
    tcp_close                                0x0800e2c5   Thumb Code    18  tcp.o(.text)
    tcp_update_rcv_ann_wnd                   0x0800e2d7   Thumb Code    80  tcp.o(.text)
    tcp_recved                               0x0800e327   Thumb Code   112  tcp.o(.text)
    tcp_recv_null                            0x0800e397   Thumb Code    34  tcp.o(.text)
    tcp_process_refused_data                 0x0800e3b9   Thumb Code   100  tcp.o(.text)
    tcp_fasttmr                              0x0800e41d   Thumb Code    88  tcp.o(.text)
    tcp_tmr                                  0x0800e475   Thumb Code    30  tcp.o(.text)
    tcp_shutdown                             0x0800e493   Thumb Code    76  tcp.o(.text)
    tcp_abandon                              0x0800e4df   Thumb Code   162  tcp.o(.text)
    tcp_abort                                0x0800e581   Thumb Code     4  tcp.o(.text)
    tcp_bind                                 0x0800e699   Thumb Code   136  tcp.o(.text)
    tcp_listen_with_backlog                  0x0800e727   Thumb Code   146  tcp.o(.text)
    tcp_eff_send_mss                         0x0800e7b9   Thumb Code    32  tcp.o(.text)
    tcp_next_iss                             0x0800e7d9   Thumb Code    12  tcp.o(.text)
    tcp_connect                              0x0800e7e5   Thumb Code   266  tcp.o(.text)
    tcp_setprio                              0x0800e8ef   Thumb Code     4  tcp.o(.text)
    tcp_alloc                                0x0800e8f3   Thumb Code   236  tcp.o(.text)
    tcp_new                                  0x0800e9df   Thumb Code     4  tcp.o(.text)
    tcp_arg                                  0x0800e9e3   Thumb Code     4  tcp.o(.text)
    tcp_recv                                 0x0800e9e7   Thumb Code    34  tcp.o(.text)
    tcp_sent                                 0x0800ea09   Thumb Code    34  tcp.o(.text)
    tcp_err                                  0x0800ea2b   Thumb Code    36  tcp.o(.text)
    tcp_accept                               0x0800ea4f   Thumb Code     4  tcp.o(.text)
    tcp_poll                                 0x0800ea53   Thumb Code    42  tcp.o(.text)
    tcp_debug_state_str                      0x0800ea7d   Thumb Code    10  tcp.o(.text)
    tcp_input                                0x0800f77d   Thumb Code  1212  tcp_in.o(.text)
    tcp_enqueue_flags                        0x0800fde3   Thumb Code   286  tcp_out.o(.text)
    tcp_send_fin                             0x0800ff01   Thumb Code    68  tcp_out.o(.text)
    tcp_write                                0x08010019   Thumb Code  1410  tcp_out.o(.text)
    tcp_send_empty_ack                       0x0801059b   Thumb Code    72  tcp_out.o(.text)
    tcp_output                               0x080107f3   Thumb Code   440  tcp_out.o(.text)
    tcp_rst                                  0x080109ab   Thumb Code   144  tcp_out.o(.text)
    tcp_rexmit_rto                           0x08010a3b   Thumb Code    44  tcp_out.o(.text)
    tcp_rexmit                               0x08010a67   Thumb Code    82  tcp_out.o(.text)
    tcp_rexmit_fast                          0x08010ab9   Thumb Code    88  tcp_out.o(.text)
    tcp_keepalive                            0x08010b11   Thumb Code    60  tcp_out.o(.text)
    tcp_zero_window_probe                    0x08010b4d   Thumb Code   220  tcp_out.o(.text)
    sys_timeout                              0x08010c29   Thumb Code   104  timers.o(.text)
    tcp_timer_needed                         0x08010cb7   Thumb Code    34  timers.o(.text)
    sys_timeouts_init                        0x08010d01   Thumb Code    36  timers.o(.text)
    sys_untimeout                            0x08010d25   Thumb Code    68  timers.o(.text)
    sys_check_timeouts                       0x08010d69   Thumb Code    74  timers.o(.text)
    sys_restart_timeouts                     0x08010db3   Thumb Code    12  timers.o(.text)
    udp_init                                 0x08010e6d   Thumb Code     2  udp.o(.text)
    udp_input                                0x08010e6f   Thumb Code   328  udp.o(.text)
    udp_bind                                 0x08010fb7   Thumb Code   192  udp.o(.text)
    udp_sendto_if                            0x08011077   Thumb Code   202  udp.o(.text)
    udp_sendto                               0x08011141   Thumb Code    40  udp.o(.text)
    udp_send                                 0x08011169   Thumb Code     6  udp.o(.text)
    udp_connect                              0x0801116f   Thumb Code    70  udp.o(.text)
    udp_disconnect                           0x080111b5   Thumb Code    16  udp.o(.text)
    udp_recv                                 0x080111c5   Thumb Code     6  udp.o(.text)
    udp_remove                               0x080111cb   Thumb Code    40  udp.o(.text)
    udp_new                                  0x080111f3   Thumb Code    26  udp.o(.text)
    mem_init                                 0x08011367   Thumb Code    44  mem.o(.text)
    mem_free                                 0x08011393   Thumb Code   108  mem.o(.text)
    mem_trim                                 0x080113ff   Thumb Code   240  mem.o(.text)
    mem_malloc                               0x080114ef   Thumb Code   252  mem.o(.text)
    mem_calloc                               0x080115eb   Thumb Code    26  mem.o(.text)
    sys_now                                  0x080117fd   Thumb Code     6  sys_arch.o(.text)
    mymemcpy                                 0x08011809   Thumb Code    16  malloc.o(.text)
    mymemset                                 0x08011819   Thumb Code    12  malloc.o(.text)
    mymem_init                               0x08011825   Thumb Code    52  malloc.o(.text)
    mem_perused                              0x08011859   Thumb Code    48  malloc.o(.text)
    mymem_malloc                             0x08011889   Thumb Code   136  malloc.o(.text)
    mymem_free                               0x08011911   Thumb Code    82  malloc.o(.text)
    myfree                                   0x08011963   Thumb Code    18  malloc.o(.text)
    mymalloc                                 0x08011975   Thumb Code    28  malloc.o(.text)
    myrealloc                                0x08011991   Thumb Code    54  malloc.o(.text)
    rec_i2s_dma_rx_callback                  0x080119d1   Thumb Code    24  recorder.o(.text)
    recoder_enter_rec_mode                   0x080119e9   Thumb Code   128  recorder.o(.text)
    rec_i2s3_dma_rx_callback                 0x08011a69   Thumb Code    24  recorder.o(.text)
    recoder2_enter_rec_mode                  0x08011a81   Thumb Code   126  recorder.o(.text)
    wav_recorder                             0x08011aff   Thumb Code    34  recorder.o(.text)
    wav2_recorder                            0x08011b21   Thumb Code    34  recorder.o(.text)
    __use_no_semihosting                     0x08011b61   Thumb Code     2  use_no_semi_2.o(.text)
    __2printf                                0x08011b65   Thumb Code    20  noretval__2printf.o(.text)
    __2sprintf                               0x08011b7d   Thumb Code    34  noretval__2sprintf.o(.text)
    _printf_pre_padding                      0x08011ba5   Thumb Code    44  _printf_pad.o(.text)
    _printf_post_padding                     0x08011bd1   Thumb Code    34  _printf_pad.o(.text)
    _printf_str                              0x08011bf3   Thumb Code    82  _printf_str.o(.text)
    _printf_int_dec                          0x08011c45   Thumb Code   104  _printf_dec.o(.text)
    _printf_int_hex                          0x08011cbd   Thumb Code    84  _printf_hex_int.o(.text)
    _printf_longlong_hex                     0x08011cbd   Thumb Code     0  _printf_hex_int.o(.text)
    __printf                                 0x08011d15   Thumb Code   388  __printf_flags_ss_wp.o(.text)
    memcmp                                   0x08011e9d   Thumb Code    88  memcmp.o(.text)
    strlen                                   0x08011ef5   Thumb Code    62  strlen.o(.text)
    __aeabi_memcpy                           0x08011f33   Thumb Code     0  rt_memcpy_v6.o(.text)
    __rt_memcpy                              0x08011f33   Thumb Code   138  rt_memcpy_v6.o(.text)
    _memcpy_lastbytes                        0x08011f99   Thumb Code     0  rt_memcpy_v6.o(.text)
    __aeabi_memclr                           0x08011fbd   Thumb Code     0  rt_memclr.o(.text)
    __rt_memclr                              0x08011fbd   Thumb Code    68  rt_memclr.o(.text)
    _memset                                  0x08011fc1   Thumb Code     0  rt_memclr.o(.text)
    __aeabi_memclr4                          0x08012001   Thumb Code     0  rt_memclr_w.o(.text)
    __aeabi_memclr8                          0x08012001   Thumb Code     0  rt_memclr_w.o(.text)
    __rt_memclr_w                            0x08012001   Thumb Code    78  rt_memclr_w.o(.text)
    _memset_w                                0x08012005   Thumb Code     0  rt_memclr_w.o(.text)
    __use_two_region_memory                  0x0801204f   Thumb Code     2  heapauxi.o(.text)
    __rt_heap_escrow$2region                 0x08012051   Thumb Code     2  heapauxi.o(.text)
    __rt_heap_expand$2region                 0x08012053   Thumb Code     2  heapauxi.o(.text)
    __I$use$semihosting                      0x08012055   Thumb Code     0  use_no_semi.o(.text)
    __use_no_semihosting_swi                 0x08012055   Thumb Code     2  use_no_semi.o(.text)
    _printf_int_common                       0x08012057   Thumb Code   178  _printf_intcommon.o(.text)
    _printf_char_common                      0x08012113   Thumb Code    32  _printf_char_common.o(.text)
    _sputc                                   0x08012139   Thumb Code    10  _sputc.o(.text)
    _printf_cs_common                        0x08012143   Thumb Code    20  _printf_char.o(.text)
    _printf_char                             0x08012157   Thumb Code    16  _printf_char.o(.text)
    _printf_string                           0x08012167   Thumb Code     8  _printf_char.o(.text)
    _printf_char_file                        0x08012171   Thumb Code    32  _printf_char_file.o(.text)
    __aeabi_memcpy4                          0x08012195   Thumb Code     0  rt_memcpy_w.o(.text)
    __aeabi_memcpy8                          0x08012195   Thumb Code     0  rt_memcpy_w.o(.text)
    __rt_memcpy_w                            0x08012195   Thumb Code   100  rt_memcpy_w.o(.text)
    _memcpy_lastbytes_aligned                0x080121dd   Thumb Code     0  rt_memcpy_w.o(.text)
    ferror                                   0x080121f9   Thumb Code     8  ferror.o(.text)
    __user_setup_stackheap                   0x08012201   Thumb Code    74  sys_stackheap_outer.o(.text)
    exit                                     0x0801224b   Thumb Code    12  exit.o(.text)
    __user_libspace                          0x08012259   Thumb Code     8  libspace.o(.text)
    __user_perproc_libspace                  0x08012259   Thumb Code     0  libspace.o(.text)
    __user_perthread_libspace                0x08012259   Thumb Code     0  libspace.o(.text)
    _is_digit                                0x08012261   Thumb Code    14  __printf_wp.o(i._is_digit)
    __aeabi_d2uiz                            0x08012271   Thumb Code     0  dfixu.o(x$fpl$dfixu)
    _dfixu                                   0x08012271   Thumb Code    90  dfixu.o(x$fpl$dfixu)
    __aeabi_ui2d                             0x080122cb   Thumb Code     0  dflt_clz.o(x$fpl$dfltu)
    _dfltu                                   0x080122cb   Thumb Code    38  dflt_clz.o(x$fpl$dfltu)
    __aeabi_dmul                             0x080122f1   Thumb Code     0  dmul.o(x$fpl$dmul)
    _dmul                                    0x080122f1   Thumb Code   332  dmul.o(x$fpl$dmul)
    __fpl_dnaninf                            0x08012445   Thumb Code   156  dnaninf.o(x$fpl$dnaninf)
    __fpl_dretinf                            0x080124e1   Thumb Code    12  dretinf.o(x$fpl$dretinf)
    _fp_init                                 0x080124ed   Thumb Code    10  fpinit.o(x$fpl$fpinit)
    __fplib_config_fpu_vfp                   0x080124f5   Thumb Code     0  fpinit.o(x$fpl$fpinit)
    __fplib_config_pureend_doubles           0x080124f5   Thumb Code     0  fpinit.o(x$fpl$fpinit)
    __I$use$fp                               0x080124f6   Number         0  usenofp.o(x$fpl$usenofp)
    asc2_1206                                0x080124f6   Data        1140  lcd.o(.constdata)
    asc2_1608                                0x0801296a   Data        1520  lcd.o(.constdata)
    asc2_2412                                0x08012f5a   Data        3420  lcd.o(.constdata)
    I2S_PSC_TBL                              0x08013cb6   Data         110  i2s.o(.constdata)
    FSMC_DefaultTimingStruct                 0x08013d24   Data          28  stm32f4xx_fsmc.o(.constdata)
    ethbroadcast                             0x08013d40   Data           6  etharp.o(.constdata)
    ethzero                                  0x08013d46   Data           6  etharp.o(.constdata)
    ip_addr_any                              0x08013d4c   Data           4  ip_addr.o(.constdata)
    tcp_persist_backoff                      0x08013d78   Data           7  tcp.o(.constdata)
    tcp_state_str                            0x08013d80   Data          44  tcp.o(.constdata)
    tcp_backoff                              0x08013dac   Data          13  tcp.o(.constdata)
    tcp_pcb_lists                            0x08013dbc   Data          16  tcp.o(.constdata)
    memtblsize                               0x08013dcc   Data          12  malloc.o(.constdata)
    memblksize                               0x08013dd8   Data          12  malloc.o(.constdata)
    memsize                                  0x08013de4   Data          12  malloc.o(.constdata)
    i2splaybuf                               0x08013df0   Data           4  recorder.o(.constdata)
    i2s3playbuf                              0x08013df4   Data           4  recorder.o(.constdata)
    Region$$Table$$Base                      0x08014078   Number         0  anon$$obj.o(Region$$Table)
    Region$$Table$$Limit                     0x08014098   Number         0  anon$$obj.o(Region$$Table)
    mem3base                                 0x10000000   Data       61440  malloc.o(.ARM.__AT_0x10000000)
    mem3mapbase                              0x1000f000   Data        3840  malloc.o(.ARM.__AT_0x1000F000)
    SystemCoreClock                          0x20000000   Data           4  system_stm32f4xx.o(.data)
    AHBPrescTable                            0x20000004   Data          16  system_stm32f4xx.o(.data)
    POINT_COLOR                              0x20000016   Data           2  lcd.o(.data)
    BACK_COLOR                               0x20000018   Data           2  lcd.o(.data)
    DMARxDscrTab                             0x2000001c   Data           4  lan8720.o(.data)
    DMATxDscrTab                             0x20000020   Data           4  lan8720.o(.data)
    Rx_Buff                                  0x20000024   Data           4  lan8720.o(.data)
    Tx_Buff                                  0x20000028   Data           4  lan8720.o(.data)
    i2s_tx_callback                          0x2000002c   Data           4  i2s.o(.data)
    i2s_rx_callback                          0x20000030   Data           4  i2s.o(.data)
    i2s3_tx_callback                         0x20000034   Data           4  i2s.o(.data)
    i2s3_rx_callback                         0x20000038   Data           4  i2s.o(.data)
    DMATxDescToSet                           0x20000134   Data           4  stm32f4x7_eth.o(.data)
    DMARxDescToGet                           0x20000138   Data           4  stm32f4x7_eth.o(.data)
    DMA_RX_FRAME_infos                       0x2000013c   Data           4  stm32f4x7_eth.o(.data)
    USART_RX_STA                             0x20000144   Data           2  usart.o(.data)
    __stdout                                 0x20000148   Data           4  usart.o(.data)
    sys_cmd_tab                              0x2000014c   Data          28  usmart.o(.data)
    usmart_nametab                           0x20000168   Data          48  usmart_config.o(.data)
    usmart_dev                               0x20000198   Data         244  usmart_config.o(.data)
    local_port                               0x2000028c   Data           2  lwip_comm.o(.data)
    remote_port                              0x2000028e   Data           2  lwip_comm.o(.data)
    TCPTimer                                 0x20000290   Data           4  lwip_comm.o(.data)
    ARPTimer                                 0x20000294   Data           4  lwip_comm.o(.data)
    lwip_localtime                           0x20000298   Data           4  lwip_comm.o(.data)
    udp_demo_flag                            0x2000029c   Data           1  udp_demo.o(.data)
    udp_demo_flag2                           0x2000029d   Data           1  udp_demo.o(.data)
    udppcb                                   0x200002a0   Data           4  udp_demo.o(.data)
    udppcb2                                  0x200002a4   Data           4  udp_demo.o(.data)
    udp_demo_recvbuf                         0x200002a8   Data           8  udp_demo.o(.data)
    udp_demo_recvbuf2                        0x200002b0   Data           8  udp_demo.o(.data)
    current_netif                            0x200002c0   Data           4  ip.o(.data)
    current_header                           0x200002c4   Data           4  ip.o(.data)
    current_iphdr_src                        0x200002c8   Data           4  ip.o(.data)
    current_iphdr_dest                       0x200002cc   Data           4  ip.o(.data)
    memp_memory                              0x200002d8   Data           4  memp.o(.data)
    netif_list                               0x200002e0   Data           4  netif.o(.data)
    netif_default                            0x200002e4   Data           4  netif.o(.data)
    tcp_active_pcbs_changed                  0x200002ec   Data           1  tcp.o(.data)
    tcp_ticks                                0x200002f8   Data           4  tcp.o(.data)
    tcp_bound_pcbs                           0x200002fc   Data           4  tcp.o(.data)
    tcp_listen_pcbs                          0x20000300   Data           4  tcp.o(.data)
    tcp_active_pcbs                          0x20000304   Data           4  tcp.o(.data)
    tcp_tw_pcbs                              0x20000308   Data           4  tcp.o(.data)
    tcp_tmp_pcb                              0x2000030c   Data           4  tcp.o(.data)
    tcp_input_pcb                            0x20000328   Data           4  tcp_in.o(.data)
    udp_pcbs                                 0x2000033c   Data           4  udp.o(.data)
    ram_heap                                 0x20000340   Data           4  mem.o(.data)
    mallco_dev                               0x20000350   Data          36  malloc.o(.data)
    i2srecbuf1                               0x20000374   Data           4  recorder.o(.data)
    i2srecbuf2                               0x20000378   Data           4  recorder.o(.data)
    i2s3recbuf1                              0x2000037c   Data           4  recorder.o(.data)
    i2s3recbuf2                              0x20000380   Data           4  recorder.o(.data)
    lcddev                                   0x20000384   Data          14  lcd.o(.bss)
    RX_Frame_Descriptor                      0x20000394   Data          12  stm32f4x7_eth.o(.bss)
    USART_RX_BUF                             0x200003a0   Data         200  usart.o(.bss)
    lwipdev                                  0x20000468   Data          23  lwip_comm.o(.bss)
    lwip_netif                               0x20000480   Data          48  lwip_comm.o(.bss)
    mem1base                                 0x200005c0   Data       102400  malloc.o(.bss)
    mem1mapbase                              0x200195c0   Data        6400  malloc.o(.bss)
    __libspace_start                         0x2001aec0   Data          96  libspace.o(.bss)
    __temporary_stack_top$libspace           0x2001af20   Data           0  libspace.o(.bss)
    mem2base                                 0x68000000   Data       204800  malloc.o(.ARM.__AT_0x68000000)
    mem2mapbase                              0x68032000   Data       12800  malloc.o(.ARM.__AT_0x68032000)



==============================================================================

Memory Map of the image

  Image Entry point : 0x08000189

  Load Region LR_IROM1 (Base: 0x08000000, Size: 0x0001441c, Max: 0x00100000, ABSOLUTE, COMPRESSED[0x0001416c])

    Execution Region ER_IROM1 (Base: 0x08000000, Size: 0x00014098, Max: 0x00100000, ABSOLUTE)

    Base Addr    Size         Type   Attr      Idx    E Section Name        Object

    0x08000000   0x00000188   Data   RO          582    RESET               startup_stm32f40_41xxx.o
    0x08000188   0x00000008   Code   RO         1790  * !!!main             c_w.l(__main.o)
    0x08000190   0x00000034   Code   RO         1982    !!!scatter          c_w.l(__scatter.o)
    0x080001c4   0x0000005a   Code   RO         1980    !!dczerorl2         c_w.l(__dczerorl2.o)
    0x0800021e   0x00000002   PAD
    0x08000220   0x0000001c   Code   RO         1984    !!handler_zi        c_w.l(__scatter_zi.o)
    0x0800023c   0x00000000   Code   RO         1777    .ARM.Collect$$_printf_percent$$00000000  c_w.l(_printf_percent.o)
    0x0800023c   0x00000006   Code   RO         1775    .ARM.Collect$$_printf_percent$$00000009  c_w.l(_printf_d.o)
    0x08000242   0x00000006   Code   RO         1776    .ARM.Collect$$_printf_percent$$0000000A  c_w.l(_printf_u.o)
    0x08000248   0x00000006   Code   RO         1774    .ARM.Collect$$_printf_percent$$0000000C  c_w.l(_printf_x.o)
    0x0800024e   0x00000006   Code   RO         1772    .ARM.Collect$$_printf_percent$$00000013  c_w.l(_printf_c.o)
    0x08000254   0x00000006   Code   RO         1773    .ARM.Collect$$_printf_percent$$00000014  c_w.l(_printf_s.o)
    0x0800025a   0x00000004   Code   RO         1817    .ARM.Collect$$_printf_percent$$00000017  c_w.l(_printf_percent_end.o)
    0x0800025e   0x00000002   Code   RO         1855    .ARM.Collect$$libinit$$00000000  c_w.l(libinit.o)
    0x08000260   0x00000004   Code   RO         1861    .ARM.Collect$$libinit$$00000001  c_w.l(libinit2.o)
    0x08000264   0x00000000   Code   RO         1864    .ARM.Collect$$libinit$$00000004  c_w.l(libinit2.o)
    0x08000264   0x00000000   Code   RO         1867    .ARM.Collect$$libinit$$0000000A  c_w.l(libinit2.o)
    0x08000264   0x00000000   Code   RO         1869    .ARM.Collect$$libinit$$0000000C  c_w.l(libinit2.o)
    0x08000264   0x00000000   Code   RO         1871    .ARM.Collect$$libinit$$0000000E  c_w.l(libinit2.o)
    0x08000264   0x00000000   Code   RO         1874    .ARM.Collect$$libinit$$00000011  c_w.l(libinit2.o)
    0x08000264   0x00000000   Code   RO         1876    .ARM.Collect$$libinit$$00000013  c_w.l(libinit2.o)
    0x08000264   0x00000000   Code   RO         1878    .ARM.Collect$$libinit$$00000015  c_w.l(libinit2.o)
    0x08000264   0x00000000   Code   RO         1880    .ARM.Collect$$libinit$$00000017  c_w.l(libinit2.o)
    0x08000264   0x00000000   Code   RO         1882    .ARM.Collect$$libinit$$00000019  c_w.l(libinit2.o)
    0x08000264   0x00000000   Code   RO         1884    .ARM.Collect$$libinit$$0000001B  c_w.l(libinit2.o)
    0x08000264   0x00000000   Code   RO         1886    .ARM.Collect$$libinit$$0000001D  c_w.l(libinit2.o)
    0x08000264   0x00000000   Code   RO         1888    .ARM.Collect$$libinit$$0000001F  c_w.l(libinit2.o)
    0x08000264   0x00000000   Code   RO         1890    .ARM.Collect$$libinit$$00000021  c_w.l(libinit2.o)
    0x08000264   0x00000000   Code   RO         1892    .ARM.Collect$$libinit$$00000023  c_w.l(libinit2.o)
    0x08000264   0x00000000   Code   RO         1894    .ARM.Collect$$libinit$$00000025  c_w.l(libinit2.o)
    0x08000264   0x00000000   Code   RO         1898    .ARM.Collect$$libinit$$0000002C  c_w.l(libinit2.o)
    0x08000264   0x00000000   Code   RO         1900    .ARM.Collect$$libinit$$0000002E  c_w.l(libinit2.o)
    0x08000264   0x00000000   Code   RO         1902    .ARM.Collect$$libinit$$00000030  c_w.l(libinit2.o)
    0x08000264   0x00000000   Code   RO         1904    .ARM.Collect$$libinit$$00000032  c_w.l(libinit2.o)
    0x08000264   0x00000002   Code   RO         1905    .ARM.Collect$$libinit$$00000033  c_w.l(libinit2.o)
    0x08000266   0x00000002   Code   RO         1923    .ARM.Collect$$libshutdown$$00000000  c_w.l(libshutdown.o)
    0x08000268   0x00000000   Code   RO         1934    .ARM.Collect$$libshutdown$$00000003  c_w.l(libshutdown2.o)
    0x08000268   0x00000000   Code   RO         1937    .ARM.Collect$$libshutdown$$00000006  c_w.l(libshutdown2.o)
    0x08000268   0x00000000   Code   RO         1940    .ARM.Collect$$libshutdown$$00000009  c_w.l(libshutdown2.o)
    0x08000268   0x00000000   Code   RO         1942    .ARM.Collect$$libshutdown$$0000000B  c_w.l(libshutdown2.o)
    0x08000268   0x00000000   Code   RO         1945    .ARM.Collect$$libshutdown$$0000000E  c_w.l(libshutdown2.o)
    0x08000268   0x00000002   Code   RO         1946    .ARM.Collect$$libshutdown$$0000000F  c_w.l(libshutdown2.o)
    0x0800026a   0x00000000   Code   RO         1806    .ARM.Collect$$rtentry$$00000000  c_w.l(__rtentry.o)
    0x0800026a   0x00000000   Code   RO         1826    .ARM.Collect$$rtentry$$00000002  c_w.l(__rtentry2.o)
    0x0800026a   0x00000006   Code   RO         1838    .ARM.Collect$$rtentry$$00000004  c_w.l(__rtentry4.o)
    0x08000270   0x00000000   Code   RO         1828    .ARM.Collect$$rtentry$$00000009  c_w.l(__rtentry2.o)
    0x08000270   0x00000004   Code   RO         1829    .ARM.Collect$$rtentry$$0000000A  c_w.l(__rtentry2.o)
    0x08000274   0x00000000   Code   RO         1831    .ARM.Collect$$rtentry$$0000000C  c_w.l(__rtentry2.o)
    0x08000274   0x00000008   Code   RO         1832    .ARM.Collect$$rtentry$$0000000D  c_w.l(__rtentry2.o)
    0x0800027c   0x00000002   Code   RO         1859    .ARM.Collect$$rtexit$$00000000  c_w.l(rtexit.o)
    0x0800027e   0x00000000   Code   RO         1907    .ARM.Collect$$rtexit$$00000002  c_w.l(rtexit2.o)
    0x0800027e   0x00000004   Code   RO         1908    .ARM.Collect$$rtexit$$00000003  c_w.l(rtexit2.o)
    0x08000282   0x00000006   Code   RO         1909    .ARM.Collect$$rtexit$$00000004  c_w.l(rtexit2.o)
    0x08000288   0x00000384   Code   RO            3    .text               main.o
    0x0800060c   0x00000012   Code   RO          264    .text               stm32f4xx_it.o
    0x0800061e   0x00000002   PAD
    0x08000620   0x0000017c   Code   RO          313    .text               system_stm32f4xx.o
    0x0800079c   0x000000d4   Code   RO          339    .text               key.o
    0x08000870   0x00000074   Code   RO          360    .text               led.o
    0x080008e4   0x00000084   Code   RO          380    .text               timer.o
    0x08000968   0x00004600   Code   RO          405    .text               lcd.o
    0x08004f68   0x000002ec   Code   RO          444    .text               lan8720.o
    0x08005254   0x000005b4   Code   RO          492    .text               i2s.o
    0x08005808   0x0000043c   Code   RO          519    .text               myiic.o
    0x08005c44   0x0000059a   Code   RO          539    .text               wm8978.o
    0x080061de   0x00000190   Code   RO          562    .text               24cxx.o
    0x0800636e   0x00000002   PAD
    0x08006370   0x00000040   Code   RO          583    .text               startup_stm32f40_41xxx.o
    0x080063b0   0x000000b0   Code   RO          589    .text               misc.o
    0x08006460   0x0000020c   Code   RO          609    .text               stm32f4xx_gpio.o
    0x0800666c   0x00000480   Code   RO          629    .text               stm32f4xx_rcc.o
    0x08006aec   0x0000007c   Code   RO          651    .text               stm32f4xx_syscfg.o
    0x08006b68   0x000009dc   Code   RO          671    .text               stm32f4xx_tim.o
    0x08007544   0x00000358   Code   RO          692    .text               stm32f4xx_usart.o
    0x0800789c   0x00000ab8   Code   RO          712    .text               stm32f4x7_eth.o
    0x08008354   0x00000448   Code   RO          761    .text               stm32f4xx_fsmc.o
    0x0800879c   0x00000320   Code   RO          784    .text               stm32f4xx_dma.o
    0x08008abc   0x0000032c   Code   RO          804    .text               stm32f4xx_spi.o
    0x08008de8   0x000000b4   Code   RO          867    .text               delay.o
    0x08008e9c   0x00000124   Code   RO          907    .text               usart.o
    0x08008fc0   0x00000afc   Code   RO          939    .text               usmart.o
    0x08009abc   0x00000420   Code   RO          986    .text               usmart_str.o
    0x08009edc   0x000002d4   Code   RO         1007    .text               lwip_comm.o
    0x0800a1b0   0x00000764   Code   RO         1078    .text               udp_demo.o
    0x0800a914   0x00000a88   Code   RO         1119    .text               etharp.o
    0x0800b39c   0x000001dc   Code   RO         1152    .text               ethernetif.o
    0x0800b578   0x00000330   Code   RO         1198    .text               icmp.o
    0x0800b8a8   0x0000024c   Code   RO         1232    .text               inet_chksum.o
    0x0800baf4   0x00000334   Code   RO         1247    .text               ip.o
    0x0800be28   0x00000254   Code   RO         1280    .text               ip_addr.o
    0x0800c07c   0x0000082c   Code   RO         1304    .text               ip_frag.o
    0x0800c8a8   0x00000010   Code   RO         1318    .text               def.o
    0x0800c8b8   0x0000001e   Code   RO         1343    .text               init.o
    0x0800c8d6   0x00000002   PAD
    0x0800c8d8   0x0000017c   Code   RO         1373    .text               memp.o
    0x0800ca54   0x00000254   Code   RO         1399    .text               netif.o
    0x0800cca8   0x00000d1a   Code   RO         1422    .text               pbuf.o
    0x0800d9c2   0x00000002   PAD
    0x0800d9c4   0x000001f8   Code   RO         1435    .text               raw.o
    0x0800dbbc   0x00000ff0   Code   RO         1455    .text               tcp.o
    0x0800ebac   0x0000111c   Code   RO         1480    .text               tcp_in.o
    0x0800fcc8   0x00000f60   Code   RO         1503    .text               tcp_out.o
    0x08010c28   0x00000244   Code   RO         1516    .text               timers.o
    0x08010e6c   0x00000460   Code   RO         1530    .text               udp.o
    0x080112cc   0x00000530   Code   RO         1549    .text               mem.o
    0x080117fc   0x0000000c   Code   RO         1566    .text               sys_arch.o
    0x08011808   0x000001c8   Code   RO         1644    .text               malloc.o
    0x080119d0   0x00000190   Code   RO         1678    .text               recorder.o
    0x08011b60   0x00000002   Code   RO         1713    .text               c_w.l(use_no_semi_2.o)
    0x08011b62   0x00000002   PAD
    0x08011b64   0x00000018   Code   RO         1719    .text               c_w.l(noretval__2printf.o)
    0x08011b7c   0x00000028   Code   RO         1721    .text               c_w.l(noretval__2sprintf.o)
    0x08011ba4   0x0000004e   Code   RO         1725    .text               c_w.l(_printf_pad.o)
    0x08011bf2   0x00000052   Code   RO         1727    .text               c_w.l(_printf_str.o)
    0x08011c44   0x00000078   Code   RO         1729    .text               c_w.l(_printf_dec.o)
    0x08011cbc   0x00000058   Code   RO         1734    .text               c_w.l(_printf_hex_int.o)
    0x08011d14   0x00000188   Code   RO         1769    .text               c_w.l(__printf_flags_ss_wp.o)
    0x08011e9c   0x00000058   Code   RO         1778    .text               c_w.l(memcmp.o)
    0x08011ef4   0x0000003e   Code   RO         1780    .text               c_w.l(strlen.o)
    0x08011f32   0x0000008a   Code   RO         1782    .text               c_w.l(rt_memcpy_v6.o)
    0x08011fbc   0x00000044   Code   RO         1784    .text               c_w.l(rt_memclr.o)
    0x08012000   0x0000004e   Code   RO         1786    .text               c_w.l(rt_memclr_w.o)
    0x0801204e   0x00000006   Code   RO         1788    .text               c_w.l(heapauxi.o)
    0x08012054   0x00000002   Code   RO         1804    .text               c_w.l(use_no_semi.o)
    0x08012056   0x000000b2   Code   RO         1807    .text               c_w.l(_printf_intcommon.o)
    0x08012108   0x00000030   Code   RO         1809    .text               c_w.l(_printf_char_common.o)
    0x08012138   0x0000000a   Code   RO         1811    .text               c_w.l(_sputc.o)
    0x08012142   0x0000002c   Code   RO         1813    .text               c_w.l(_printf_char.o)
    0x0801216e   0x00000002   PAD
    0x08012170   0x00000024   Code   RO         1815    .text               c_w.l(_printf_char_file.o)
    0x08012194   0x00000064   Code   RO         1818    .text               c_w.l(rt_memcpy_w.o)
    0x080121f8   0x00000008   Code   RO         1842    .text               c_w.l(ferror.o)
    0x08012200   0x0000004a   Code   RO         1846    .text               c_w.l(sys_stackheap_outer.o)
    0x0801224a   0x0000000c   Code   RO         1848    .text               c_w.l(exit.o)
    0x08012256   0x00000002   PAD
    0x08012258   0x00000008   Code   RO         1856    .text               c_w.l(libspace.o)
    0x08012260   0x0000000e   Code   RO         1762    i._is_digit         c_w.l(__printf_wp.o)
    0x0801226e   0x00000002   PAD
    0x08012270   0x0000005a   Code   RO         1792    x$fpl$dfixu         fz_wm.l(dfixu.o)
    0x080122ca   0x00000026   Code   RO         1796    x$fpl$dfltu         fz_wm.l(dflt_clz.o)
    0x080122f0   0x00000154   Code   RO         1802    x$fpl$dmul          fz_wm.l(dmul.o)
    0x08012444   0x0000009c   Code   RO         1820    x$fpl$dnaninf       fz_wm.l(dnaninf.o)
    0x080124e0   0x0000000c   Code   RO         1822    x$fpl$dretinf       fz_wm.l(dretinf.o)
    0x080124ec   0x0000000a   Code   RO         1915    x$fpl$fpinit        fz_wm.l(fpinit.o)
    0x080124f6   0x00000000   Code   RO         1824    x$fpl$usenofp       fz_wm.l(usenofp.o)
    0x080124f6   0x000017c0   Data   RO          407    .constdata          lcd.o
    0x08013cb6   0x0000006e   Data   RO          493    .constdata          i2s.o
    0x08013d24   0x0000001c   Data   RO          762    .constdata          stm32f4xx_fsmc.o
    0x08013d40   0x0000000c   Data   RO         1121    .constdata          etharp.o
    0x08013d4c   0x00000004   Data   RO         1282    .constdata          ip_addr.o
    0x08013d50   0x00000028   Data   RO         1375    .constdata          memp.o
    0x08013d78   0x00000054   Data   RO         1456    .constdata          tcp.o
    0x08013dcc   0x00000024   Data   RO         1651    .constdata          malloc.o
    0x08013df0   0x00000008   Data   RO         1679    .constdata          recorder.o
    0x08013df8   0x00000028   Data   RO         1735    .constdata          c_w.l(_printf_hex_int.o)
    0x08013e20   0x00000011   Data   RO         1770    .constdata          c_w.l(__printf_flags_ss_wp.o)
    0x08013e31   0x00000003   PAD
    0x08013e34   0x00000028   Data   RO          940    .conststring        usmart.o
    0x08013e5c   0x00000107   Data   RO          964    .conststring        usmart_config.o
    0x08013f63   0x00000001   PAD
    0x08013f64   0x00000044   Data   RO         1122    .conststring        etharp.o
    0x08013fa8   0x00000075   Data   RO         1457    .conststring        tcp.o
    0x0801401d   0x00000003   PAD
    0x08014020   0x00000055   Data   RO         1504    .conststring        tcp_out.o
    0x08014075   0x00000003   PAD
    0x08014078   0x00000020   Data   RO         1978    Region$$Table       anon$$obj.o


    Execution Region RW_IRAM1 (Base: 0x20000000, Size: 0x0001b520, Max: 0x00020000, ABSOLUTE, COMPRESSED[0x000000d4])

    Base Addr    Size         Type   Attr      Idx    E Section Name        Object

    0x20000000   0x00000014   Data   RW          314    .data               system_stm32f4xx.o
    0x20000014   0x00000001   Data   RW          340    .data               key.o
    0x20000015   0x00000001   PAD
    0x20000016   0x00000004   Data   RW          408    .data               lcd.o
    0x2000001a   0x00000002   PAD
    0x2000001c   0x00000010   Data   RW          445    .data               lan8720.o
    0x2000002c   0x00000010   Data   RW          494    .data               i2s.o
    0x2000003c   0x000000e8   Data   RW          540    .data               wm8978.o
    0x20000124   0x00000010   Data   RW          630    .data               stm32f4xx_rcc.o
    0x20000134   0x0000000c   Data   RW          714    .data               stm32f4x7_eth.o
    0x20000140   0x00000004   Data   RW          868    .data               delay.o
    0x20000144   0x00000002   Data   RW          909    .data               usart.o
    0x20000146   0x00000002   PAD
    0x20000148   0x00000004   Data   RW          910    .data               usart.o
    0x2000014c   0x0000001c   Data   RW          941    .data               usmart.o
    0x20000168   0x00000030   Data   RW          965    .data               usmart_config.o
    0x20000198   0x000000f4   Data   RW          966    .data               usmart_config.o
    0x2000028c   0x00000010   Data   RW         1009    .data               lwip_comm.o
    0x2000029c   0x0000001c   Data   RW         1079    .data               udp_demo.o
    0x200002b8   0x00000001   Data   RW         1123    .data               etharp.o
    0x200002b9   0x00000003   PAD
    0x200002bc   0x00000014   Data   RW         1248    .data               ip.o
    0x200002d0   0x00000008   Data   RW         1305    .data               ip_frag.o
    0x200002d8   0x00000004   Data   RW         1376    .data               memp.o
    0x200002dc   0x0000000c   Data   RW         1400    .data               netif.o
    0x200002e8   0x00000004   Data   RW         1436    .data               raw.o
    0x200002ec   0x00000024   Data   RW         1458    .data               tcp.o
    0x20000310   0x0000001c   Data   RW         1482    .data               tcp_in.o
    0x2000032c   0x0000000c   Data   RW         1517    .data               timers.o
    0x20000338   0x00000008   Data   RW         1531    .data               udp.o
    0x20000340   0x00000010   Data   RW         1550    .data               mem.o
    0x20000350   0x00000024   Data   RW         1652    .data               malloc.o
    0x20000374   0x00000010   Data   RW         1686    .data               recorder.o
    0x20000384   0x0000000e   Zero   RW          406    .bss                lcd.o
    0x20000392   0x00000002   PAD
    0x20000394   0x0000000c   Zero   RW          713    .bss                stm32f4x7_eth.o
    0x200003a0   0x000000c8   Zero   RW          908    .bss                usart.o
    0x20000468   0x00000048   Zero   RW         1008    .bss                lwip_comm.o
    0x200004b0   0x000000c8   Zero   RW         1120    .bss                etharp.o
    0x20000578   0x00000010   Zero   RW         1281    .bss                ip_addr.o
    0x20000588   0x00000028   Zero   RW         1374    .bss                memp.o
    0x200005b0   0x00000010   Zero   RW         1481    .bss                tcp_in.o
    0x200005c0   0x00019000   Zero   RW         1649    .bss                malloc.o
    0x200195c0   0x00001900   Zero   RW         1650    .bss                malloc.o
    0x2001aec0   0x00000060   Zero   RW         1857    .bss                c_w.l(libspace.o)
    0x2001af20   0x00000200   Zero   RW          581    HEAP                startup_stm32f40_41xxx.o
    0x2001b120   0x00000400   Zero   RW          580    STACK               startup_stm32f40_41xxx.o



  Load Region LR$$.ARM.__AT_0x10000000 (Base: 0x10000000, Size: 0x00000000, Max: 0x0000f000, ABSOLUTE)

    Execution Region ER$$.ARM.__AT_0x10000000 (Base: 0x10000000, Size: 0x0000f000, Max: 0x0000f000, ABSOLUTE, UNINIT)

    Base Addr    Size         Type   Attr      Idx    E Section Name        Object

    0x10000000   0x0000f000   Zero   RW         1645    .ARM.__AT_0x10000000  malloc.o



  Load Region LR$$.ARM.__AT_0x1000F000 (Base: 0x1000f000, Size: 0x00000000, Max: 0x00000f00, ABSOLUTE)

    Execution Region ER$$.ARM.__AT_0x1000F000 (Base: 0x1000f000, Size: 0x00000f00, Max: 0x00000f00, ABSOLUTE, UNINIT)

    Base Addr    Size         Type   Attr      Idx    E Section Name        Object

    0x1000f000   0x00000f00   Zero   RW         1646    .ARM.__AT_0x1000F000  malloc.o



  Load Region LR$$.ARM.__AT_0x68000000 (Base: 0x68000000, Size: 0x00000000, Max: 0x00032000, ABSOLUTE)

    Execution Region ER$$.ARM.__AT_0x68000000 (Base: 0x68000000, Size: 0x00032000, Max: 0x00032000, ABSOLUTE, UNINIT)

    Base Addr    Size         Type   Attr      Idx    E Section Name        Object

    0x68000000   0x00032000   Zero   RW         1647    .ARM.__AT_0x68000000  malloc.o



  Load Region LR$$.ARM.__AT_0x68032000 (Base: 0x68032000, Size: 0x00000000, Max: 0x00003200, ABSOLUTE)

    Execution Region ER$$.ARM.__AT_0x68032000 (Base: 0x68032000, Size: 0x00003200, Max: 0x00003200, ABSOLUTE, UNINIT)

    Base Addr    Size         Type   Attr      Idx    E Section Name        Object

    0x68032000   0x00003200   Zero   RW         1648    .ARM.__AT_0x68032000  malloc.o


==============================================================================

Image component sizes


      Code (inc. data)   RO Data    RW Data    ZI Data      Debug   Object Name

       400          0          0          0          0       2674   24cxx.o
        16          0          0          0          0       1348   def.o
       180          4          0          4          0       1309   delay.o
      2696        584         80          1        200      10345   etharp.o
       476        132          0          0          0       4742   ethernetif.o
      1460         70        110         16          0       6518   i2s.o
       816        374          0          0          0       2402   icmp.o
         0          0          0          0          0       3820   inet.o
       588        104          0          0          0       3221   inet_chksum.o
        30          0          0          0          0        532   init.o
       820        156          0         20          0       6971   ip.o
       596        112          4          0         16       9407   ip_addr.o
      2092        464          0          8          0       7180   ip_frag.o
       212         22          0          1          0        896   key.o
       748         40          0         16          0       3697   lan8720.o
     17920        110       6080          4         14      23564   lcd.o
       116          8          0          0          0        875   led.o
       724        230          0         16         72      18603   lwip_comm.o
       900        328          0          0          0     356632   main.o
       456         10         36         36     391680       4953   malloc.o
      1328        504          0         16          0       3922   mem.o
       380        192         40          4         40       2976   memp.o
       176         12          0          0          0       2021   misc.o
      1084          8          0          0          0       3646   myiic.o
       596        118          0         12          0       6479   netif.o
      3354       1232          0          0          0       9427   pbuf.o
       504        132          0          4          0       3421   raw.o
       400         30          8         16          0       2707   recorder.o
        64         26        392          0       1536        832   startup_stm32f40_41xxx.o
      2744         86          0         12         12      20124   stm32f4x7_eth.o
       800         32          0          0          0       6757   stm32f4xx_dma.o
      1096         10         28          0          0       5946   stm32f4xx_fsmc.o
       524         44          0          0          0       4369   stm32f4xx_gpio.o
        18          0          0          0          0       1202   stm32f4xx_it.o
      1152         48          0         16          0      12784   stm32f4xx_rcc.o
       812         36          0          0          0       7161   stm32f4xx_spi.o
       124         16          0          0          0       1865   stm32f4xx_syscfg.o
      2524         52          0          0          0      23038   stm32f4xx_tim.o
       856         32          0          0          0       8084   stm32f4xx_usart.o
        12          6          0          0          0        470   sys_arch.o
       380         36          0         20          0       1867   system_stm32f4xx.o
      4080        994        201         36          0      22101   tcp.o
      4380        810          0         28         16      15067   tcp_in.o
      3936        862         85          0          0      10699   tcp_out.o
       132          8          0          0          0        820   timer.o
       580        174          0         12          0       2735   timers.o
      1120        192          0          8          0       7012   udp.o
      1892        296          0         28          0       6996   udp_demo.o
       292         16          0          6        200       3278   usart.o
      2812       1296         40         28          0       4588   usmart.o
         0          0        263        292          0       1568   usmart_config.o
      1056         12          0          0          0       6111   usmart_str.o
      1434         18          0        232          0       7642   wm8978.o

    ----------------------------------------------------------------------
     71896      10078       7406        900     393788     687404   Object Totals
         0          0         32          0          0          0   (incl. Generated)
         8          0          7          8          2          0   (incl. Padding)

    ----------------------------------------------------------------------

      Code (inc. data)   RO Data    RW Data    ZI Data      Debug   Library Member Name

        90          0          0          0          0          0   __dczerorl2.o
         8          0          0          0          0         68   __main.o
       392          4         17          0          0         92   __printf_flags_ss_wp.o
        14          0          0          0          0         68   __printf_wp.o
         0          0          0          0          0          0   __rtentry.o
        12          0          0          0          0          0   __rtentry2.o
         6          0          0          0          0          0   __rtentry4.o
        52          8          0          0          0          0   __scatter.o
        28          0          0          0          0          0   __scatter_zi.o
         6          0          0          0          0          0   _printf_c.o
        44          0          0          0          0        108   _printf_char.o
        48          6          0          0          0         96   _printf_char_common.o
        36          4          0          0          0         80   _printf_char_file.o
         6          0          0          0          0          0   _printf_d.o
       120         16          0          0          0         92   _printf_dec.o
        88          4         40          0          0         88   _printf_hex_int.o
       178          0          0          0          0         88   _printf_intcommon.o
        78          0          0          0          0        108   _printf_pad.o
         0          0          0          0          0          0   _printf_percent.o
         4          0          0          0          0          0   _printf_percent_end.o
         6          0          0          0          0          0   _printf_s.o
        82          0          0          0          0         80   _printf_str.o
         6          0          0          0          0          0   _printf_u.o
         6          0          0          0          0          0   _printf_x.o
        10          0          0          0          0         68   _sputc.o
        12          0          0          0          0         72   exit.o
         8          0          0          0          0         68   ferror.o
         6          0          0          0          0        152   heapauxi.o
         2          0          0          0          0          0   libinit.o
         6          0          0          0          0          0   libinit2.o
         2          0          0          0          0          0   libshutdown.o
         2          0          0          0          0          0   libshutdown2.o
         8          4          0          0         96         68   libspace.o
        88          0          0          0          0         76   memcmp.o
        24          4          0          0          0         84   noretval__2printf.o
        40          6          0          0          0         84   noretval__2sprintf.o
        68          0          0          0          0         68   rt_memclr.o
        78          0          0          0          0         80   rt_memclr_w.o
       138          0          0          0          0         68   rt_memcpy_v6.o
       100          0          0          0          0         80   rt_memcpy_w.o
         2          0          0          0          0          0   rtexit.o
        10          0          0          0          0          0   rtexit2.o
        62          0          0          0          0         76   strlen.o
        74          0          0          0          0         80   sys_stackheap_outer.o
         2          0          0          0          0         68   use_no_semi.o
         2          0          0          0          0         68   use_no_semi_2.o
        90          4          0          0          0        140   dfixu.o
        38          0          0          0          0        116   dflt_clz.o
       340         12          0          0          0        152   dmul.o
       156          4          0          0          0        140   dnaninf.o
        12          0          0          0          0        116   dretinf.o
        10          0          0          0          0        116   fpinit.o
         0          0          0          0          0          0   usenofp.o

    ----------------------------------------------------------------------
      2710         76         60          0         96       3008   Library Totals
        10          0          3          0          0          0   (incl. Padding)

    ----------------------------------------------------------------------

      Code (inc. data)   RO Data    RW Data    ZI Data      Debug   Library Name

      2054         56         57          0         96       2228   c_w.l
       646         20          0          0          0        780   fz_wm.l

    ----------------------------------------------------------------------
      2710         76         60          0         96       3008   Library Totals

    ----------------------------------------------------------------------

==============================================================================


      Code (inc. data)   RO Data    RW Data    ZI Data      Debug   

     74606      10154       7466        900     393884     676816   Grand Totals
     74606      10154       7466        212     393884     676816   ELF Image Totals (compressed)
     74606      10154       7466        212          0          0   ROM Totals

==============================================================================

    Total RO  Size (Code + RO Data)                82072 (  80.15kB)
    Total RW  Size (RW Data + ZI Data)            394784 ( 385.53kB)
    Total ROM Size (Code + RO Data + RW Data)      82284 (  80.36kB)

==============================================================================

